 DFA_PID_Controller_ESC_sfun

 Timestamp is 56382e2f (Mon Nov 02 22:46:55 2015)

 Preferred load address is 0000000180000000

 Start         Length     Name                   Class
 0001:00000000 000e0e84H .text                   CODE
 0001:000e0e90 00000092H .text$x                 CODE
 0002:00000000 00000488H .idata$5                DATA
 0002:00000488 00000008H .CRT$XCA                DATA
 0002:00000490 00000008H .CRT$XCZ                DATA
 0002:00000498 00000008H .CRT$XIA                DATA
 0002:000004a0 00000008H .CRT$XIAA               DATA
 0002:000004a8 00000008H .CRT$XIZ                DATA
 0002:000004b0 00000a5cH .rdata                  DATA
 0002:00000f10 00000008H .rtc$IAA                DATA
 0002:00000f18 00000008H .rtc$IZZ                DATA
 0002:00000f20 00000008H .rtc$TAA                DATA
 0002:00000f28 00000008H .rtc$TZZ                DATA
 0002:00000f30 00002950H .xdata                  DATA
 0002:00003880 0000008cH .idata$2                DATA
 0002:0000390c 00000014H .idata$3                DATA
 0002:00003920 00000488H .idata$4                DATA
 0002:00003da8 00000c72H .idata$6                DATA
 0002:00004a20 00000061H .edata                  DATA
 0003:00000000 00058338H .data                   DATA
 0003:00058340 00000a78H .bss                    DATA
 0004:00000000 00003858H .pdata                  DATA

  Address         Publics by Value              Rva+Base               Lib:Object

 0000:00000000       ___safe_se_handler_count   0000000000000000     <absolute>
 0000:00000000       ___safe_se_handler_table   0000000000000000     <absolute>
 0000:00000000       __ImageBase                0000000180000000     <linker-defined>
 0001:00000000       DFA_PID_Controller_ESC_initializer 0000000180001000 f   DFA_PID_Controller_ESC_sfun.obj
 0001:00000010       DFA_PID_Controller_ESC_terminator 0000000180001010 f   DFA_PID_Controller_ESC_sfun.obj
 0001:00000020       sf_DFA_PID_Controller_ESC_method_dispatcher 0000000180001020 f   DFA_PID_Controller_ESC_sfun.obj
 0001:00000350       sf_DFA_PID_Controller_ESC_process_check_sum_call 0000000180001350 f   DFA_PID_Controller_ESC_sfun.obj
 0001:00000910       sf_DFA_PID_Controller_ESC_autoinheritance_info 0000000180001910 f   DFA_PID_Controller_ESC_sfun.obj
 0001:000010c0       sf_DFA_PID_Controller_ESC_get_eml_resolved_functions_info 00000001800020c0 f   DFA_PID_Controller_ESC_sfun.obj
 0001:000016f0       sf_DFA_PID_Controller_ESC_third_party_uses_info 00000001800026f0 f   DFA_PID_Controller_ESC_sfun.obj
 0001:00001c40       sf_DFA_PID_Controller_ESC_updateBuildInfo_args_info 0000000180002c40 f   DFA_PID_Controller_ESC_sfun.obj
 0001:00002190       DFA_PID_Controller_ESC_debug_initialize 0000000180003190 f   DFA_PID_Controller_ESC_sfun.obj
 0001:00002210       DFA_PID_Controller_ESC_register_exported_symbols 0000000180003210 f   DFA_PID_Controller_ESC_sfun.obj
 0001:00002220       load_DFA_PID_Controller_ESC_optimization_info 0000000180003220 f   DFA_PID_Controller_ESC_sfun.obj
 0001:00002270       unload_DFA_PID_Controller_ESC_optimization_info 0000000180003270 f   DFA_PID_Controller_ESC_sfun.obj
 0001:000022a0       sf_c1_DFA_PID_Controller_ESC_get_eml_resolved_functions_info 00000001800032a0 f   c1_DFA_PID_Controller_ESC.obj
 0001:000096e0       sf_c1_DFA_PID_Controller_ESC_get_check_sum 000000018000a6e0 f   c1_DFA_PID_Controller_ESC.obj
 0001:00009760       sf_c1_DFA_PID_Controller_ESC_get_autoinheritance_info 000000018000a760 f   c1_DFA_PID_Controller_ESC.obj
 0001:00009f50       sf_c1_DFA_PID_Controller_ESC_third_party_uses_info 000000018000af50 f   c1_DFA_PID_Controller_ESC.obj
 0001:00009f80       sf_c1_DFA_PID_Controller_ESC_updateBuildInfo_args_info 000000018000af80 f   c1_DFA_PID_Controller_ESC.obj
 0001:00009fb0       sf_internal_get_sim_state_c1_DFA_PID_Controller_ESC 000000018000afb0 f   c1_DFA_PID_Controller_ESC.obj
 0001:0000aa10       sf_internal_set_sim_state_c1_DFA_PID_Controller_ESC 000000018000ba10 f   c1_DFA_PID_Controller_ESC.obj
 0001:0000b7e0       c1_DFA_PID_Controller_ESC_method_dispatcher 000000018000c7e0 f   c1_DFA_PID_Controller_ESC.obj
 0001:00010c10       sf_c2_DFA_PID_Controller_ESC_get_eml_resolved_functions_info 0000000180011c10 f   c2_DFA_PID_Controller_ESC.obj
 0001:00018050       sf_c2_DFA_PID_Controller_ESC_get_check_sum 0000000180019050 f   c2_DFA_PID_Controller_ESC.obj
 0001:000180d0       sf_c2_DFA_PID_Controller_ESC_get_autoinheritance_info 00000001800190d0 f   c2_DFA_PID_Controller_ESC.obj
 0001:000188c0       sf_c2_DFA_PID_Controller_ESC_third_party_uses_info 00000001800198c0 f   c2_DFA_PID_Controller_ESC.obj
 0001:000188f0       sf_c2_DFA_PID_Controller_ESC_updateBuildInfo_args_info 00000001800198f0 f   c2_DFA_PID_Controller_ESC.obj
 0001:00018920       sf_internal_get_sim_state_c2_DFA_PID_Controller_ESC 0000000180019920 f   c2_DFA_PID_Controller_ESC.obj
 0001:00019370       sf_internal_set_sim_state_c2_DFA_PID_Controller_ESC 000000018001a370 f   c2_DFA_PID_Controller_ESC.obj
 0001:0001a180       c2_DFA_PID_Controller_ESC_method_dispatcher 000000018001b180 f   c2_DFA_PID_Controller_ESC.obj
 0001:0001f610       sf_c3_DFA_PID_Controller_ESC_get_eml_resolved_functions_info 0000000180020610 f   c3_DFA_PID_Controller_ESC.obj
 0001:00026a50       sf_c3_DFA_PID_Controller_ESC_get_check_sum 0000000180027a50 f   c3_DFA_PID_Controller_ESC.obj
 0001:00026ad0       sf_c3_DFA_PID_Controller_ESC_get_autoinheritance_info 0000000180027ad0 f   c3_DFA_PID_Controller_ESC.obj
 0001:000272c0       sf_c3_DFA_PID_Controller_ESC_third_party_uses_info 00000001800282c0 f   c3_DFA_PID_Controller_ESC.obj
 0001:000272f0       sf_c3_DFA_PID_Controller_ESC_updateBuildInfo_args_info 00000001800282f0 f   c3_DFA_PID_Controller_ESC.obj
 0001:00027320       sf_internal_get_sim_state_c3_DFA_PID_Controller_ESC 0000000180028320 f   c3_DFA_PID_Controller_ESC.obj
 0001:00027d70       sf_internal_set_sim_state_c3_DFA_PID_Controller_ESC 0000000180028d70 f   c3_DFA_PID_Controller_ESC.obj
 0001:00028b80       c3_DFA_PID_Controller_ESC_method_dispatcher 0000000180029b80 f   c3_DFA_PID_Controller_ESC.obj
 0001:0002e050       sf_c4_DFA_PID_Controller_ESC_get_eml_resolved_functions_info 000000018002f050 f   c4_DFA_PID_Controller_ESC.obj
 0001:0002eb40       sf_c4_DFA_PID_Controller_ESC_get_check_sum 000000018002fb40 f   c4_DFA_PID_Controller_ESC.obj
 0001:0002ebc0       sf_c4_DFA_PID_Controller_ESC_get_autoinheritance_info 000000018002fbc0 f   c4_DFA_PID_Controller_ESC.obj
 0001:0002f270       sf_c4_DFA_PID_Controller_ESC_third_party_uses_info 0000000180030270 f   c4_DFA_PID_Controller_ESC.obj
 0001:0002f2a0       sf_c4_DFA_PID_Controller_ESC_updateBuildInfo_args_info 00000001800302a0 f   c4_DFA_PID_Controller_ESC.obj
 0001:0002f2d0       sf_internal_get_sim_state_c4_DFA_PID_Controller_ESC 00000001800302d0 f   c4_DFA_PID_Controller_ESC.obj
 0001:0002f640       sf_internal_set_sim_state_c4_DFA_PID_Controller_ESC 0000000180030640 f   c4_DFA_PID_Controller_ESC.obj
 0001:0002fa30       c4_DFA_PID_Controller_ESC_method_dispatcher 0000000180030a30 f   c4_DFA_PID_Controller_ESC.obj
 0001:000319e0       sf_c5_DFA_PID_Controller_ESC_get_eml_resolved_functions_info 00000001800329e0 f   c5_DFA_PID_Controller_ESC.obj
 0001:000324d0       sf_c5_DFA_PID_Controller_ESC_get_check_sum 00000001800334d0 f   c5_DFA_PID_Controller_ESC.obj
 0001:00032550       sf_c5_DFA_PID_Controller_ESC_get_autoinheritance_info 0000000180033550 f   c5_DFA_PID_Controller_ESC.obj
 0001:00032c00       sf_c5_DFA_PID_Controller_ESC_third_party_uses_info 0000000180033c00 f   c5_DFA_PID_Controller_ESC.obj
 0001:00032c30       sf_c5_DFA_PID_Controller_ESC_updateBuildInfo_args_info 0000000180033c30 f   c5_DFA_PID_Controller_ESC.obj
 0001:00032c60       sf_internal_get_sim_state_c5_DFA_PID_Controller_ESC 0000000180033c60 f   c5_DFA_PID_Controller_ESC.obj
 0001:00032fd0       sf_internal_set_sim_state_c5_DFA_PID_Controller_ESC 0000000180033fd0 f   c5_DFA_PID_Controller_ESC.obj
 0001:000333c0       c5_DFA_PID_Controller_ESC_method_dispatcher 00000001800343c0 f   c5_DFA_PID_Controller_ESC.obj
 0001:00035370       sf_c6_DFA_PID_Controller_ESC_get_eml_resolved_functions_info 0000000180036370 f   c6_DFA_PID_Controller_ESC.obj
 0001:00035970       sf_c6_DFA_PID_Controller_ESC_get_check_sum 0000000180036970 f   c6_DFA_PID_Controller_ESC.obj
 0001:000359f0       sf_c6_DFA_PID_Controller_ESC_get_autoinheritance_info 00000001800369f0 f   c6_DFA_PID_Controller_ESC.obj
 0001:00035f60       sf_c6_DFA_PID_Controller_ESC_third_party_uses_info 0000000180036f60 f   c6_DFA_PID_Controller_ESC.obj
 0001:00035f90       sf_c6_DFA_PID_Controller_ESC_updateBuildInfo_args_info 0000000180036f90 f   c6_DFA_PID_Controller_ESC.obj
 0001:00035fc0       sf_internal_get_sim_state_c6_DFA_PID_Controller_ESC 0000000180036fc0 f   c6_DFA_PID_Controller_ESC.obj
 0001:00036320       sf_internal_set_sim_state_c6_DFA_PID_Controller_ESC 0000000180037320 f   c6_DFA_PID_Controller_ESC.obj
 0001:00036710       c6_DFA_PID_Controller_ESC_method_dispatcher 0000000180037710 f   c6_DFA_PID_Controller_ESC.obj
 0001:000383b0       sf_c7_DFA_PID_Controller_ESC_get_eml_resolved_functions_info 00000001800393b0 f   c7_DFA_PID_Controller_ESC.obj
 0001:0003f7f0       sf_c7_DFA_PID_Controller_ESC_get_check_sum 00000001800407f0 f   c7_DFA_PID_Controller_ESC.obj
 0001:0003f870       sf_c7_DFA_PID_Controller_ESC_get_autoinheritance_info 0000000180040870 f   c7_DFA_PID_Controller_ESC.obj
 0001:00040060       sf_c7_DFA_PID_Controller_ESC_third_party_uses_info 0000000180041060 f   c7_DFA_PID_Controller_ESC.obj
 0001:00040090       sf_c7_DFA_PID_Controller_ESC_updateBuildInfo_args_info 0000000180041090 f   c7_DFA_PID_Controller_ESC.obj
 0001:000400c0       sf_internal_get_sim_state_c7_DFA_PID_Controller_ESC 00000001800410c0 f   c7_DFA_PID_Controller_ESC.obj
 0001:00040b00       sf_internal_set_sim_state_c7_DFA_PID_Controller_ESC 0000000180041b00 f   c7_DFA_PID_Controller_ESC.obj
 0001:000418e0       c7_DFA_PID_Controller_ESC_method_dispatcher 00000001800428e0 f   c7_DFA_PID_Controller_ESC.obj
 0001:00046d40       sf_c8_DFA_PID_Controller_ESC_get_eml_resolved_functions_info 0000000180047d40 f   c8_DFA_PID_Controller_ESC.obj
 0001:0004e180       sf_c8_DFA_PID_Controller_ESC_get_check_sum 000000018004f180 f   c8_DFA_PID_Controller_ESC.obj
 0001:0004e200       sf_c8_DFA_PID_Controller_ESC_get_autoinheritance_info 000000018004f200 f   c8_DFA_PID_Controller_ESC.obj
 0001:0004e9f0       sf_c8_DFA_PID_Controller_ESC_third_party_uses_info 000000018004f9f0 f   c8_DFA_PID_Controller_ESC.obj
 0001:0004ea20       sf_c8_DFA_PID_Controller_ESC_updateBuildInfo_args_info 000000018004fa20 f   c8_DFA_PID_Controller_ESC.obj
 0001:0004ea50       sf_internal_get_sim_state_c8_DFA_PID_Controller_ESC 000000018004fa50 f   c8_DFA_PID_Controller_ESC.obj
 0001:0004f490       sf_internal_set_sim_state_c8_DFA_PID_Controller_ESC 0000000180050490 f   c8_DFA_PID_Controller_ESC.obj
 0001:00050250       c8_DFA_PID_Controller_ESC_method_dispatcher 0000000180051250 f   c8_DFA_PID_Controller_ESC.obj
 0001:000556b0       sf_c9_DFA_PID_Controller_ESC_get_eml_resolved_functions_info 00000001800566b0 f   c9_DFA_PID_Controller_ESC.obj
 0001:0005caf0       sf_c9_DFA_PID_Controller_ESC_get_check_sum 000000018005daf0 f   c9_DFA_PID_Controller_ESC.obj
 0001:0005cb70       sf_c9_DFA_PID_Controller_ESC_get_autoinheritance_info 000000018005db70 f   c9_DFA_PID_Controller_ESC.obj
 0001:0005d360       sf_c9_DFA_PID_Controller_ESC_third_party_uses_info 000000018005e360 f   c9_DFA_PID_Controller_ESC.obj
 0001:0005d390       sf_c9_DFA_PID_Controller_ESC_updateBuildInfo_args_info 000000018005e390 f   c9_DFA_PID_Controller_ESC.obj
 0001:0005d3c0       sf_internal_get_sim_state_c9_DFA_PID_Controller_ESC 000000018005e3c0 f   c9_DFA_PID_Controller_ESC.obj
 0001:0005de10       sf_internal_set_sim_state_c9_DFA_PID_Controller_ESC 000000018005ee10 f   c9_DFA_PID_Controller_ESC.obj
 0001:0005ec20       c9_DFA_PID_Controller_ESC_method_dispatcher 000000018005fc20 f   c9_DFA_PID_Controller_ESC.obj
 0001:000640b0       sf_c10_DFA_PID_Controller_ESC_get_eml_resolved_functions_info 00000001800650b0 f   c10_DFA_PID_Controller_ESC.obj
 0001:0006b4f0       sf_c10_DFA_PID_Controller_ESC_get_check_sum 000000018006c4f0 f   c10_DFA_PID_Controller_ESC.obj
 0001:0006b570       sf_c10_DFA_PID_Controller_ESC_get_autoinheritance_info 000000018006c570 f   c10_DFA_PID_Controller_ESC.obj
 0001:0006bd60       sf_c10_DFA_PID_Controller_ESC_third_party_uses_info 000000018006cd60 f   c10_DFA_PID_Controller_ESC.obj
 0001:0006bd90       sf_c10_DFA_PID_Controller_ESC_updateBuildInfo_args_info 000000018006cd90 f   c10_DFA_PID_Controller_ESC.obj
 0001:0006bdc0       sf_internal_get_sim_state_c10_DFA_PID_Controller_ESC 000000018006cdc0 f   c10_DFA_PID_Controller_ESC.obj
 0001:0006c840       sf_internal_set_sim_state_c10_DFA_PID_Controller_ESC 000000018006d840 f   c10_DFA_PID_Controller_ESC.obj
 0001:0006d620       c10_DFA_PID_Controller_ESC_method_dispatcher 000000018006e620 f   c10_DFA_PID_Controller_ESC.obj
 0001:00072a90       sf_c11_DFA_PID_Controller_ESC_get_eml_resolved_functions_info 0000000180073a90 f   c11_DFA_PID_Controller_ESC.obj
 0001:00079ed0       sf_c11_DFA_PID_Controller_ESC_get_check_sum 000000018007aed0 f   c11_DFA_PID_Controller_ESC.obj
 0001:00079f50       sf_c11_DFA_PID_Controller_ESC_get_autoinheritance_info 000000018007af50 f   c11_DFA_PID_Controller_ESC.obj
 0001:0007a740       sf_c11_DFA_PID_Controller_ESC_third_party_uses_info 000000018007b740 f   c11_DFA_PID_Controller_ESC.obj
 0001:0007a770       sf_c11_DFA_PID_Controller_ESC_updateBuildInfo_args_info 000000018007b770 f   c11_DFA_PID_Controller_ESC.obj
 0001:0007a7a0       sf_internal_get_sim_state_c11_DFA_PID_Controller_ESC 000000018007b7a0 f   c11_DFA_PID_Controller_ESC.obj
 0001:0007b1f0       sf_internal_set_sim_state_c11_DFA_PID_Controller_ESC 000000018007c1f0 f   c11_DFA_PID_Controller_ESC.obj
 0001:0007bfc0       c11_DFA_PID_Controller_ESC_method_dispatcher 000000018007cfc0 f   c11_DFA_PID_Controller_ESC.obj
 0001:00081480       sf_c12_DFA_PID_Controller_ESC_get_eml_resolved_functions_info 0000000180082480 f   c12_DFA_PID_Controller_ESC.obj
 0001:000888c0       sf_c12_DFA_PID_Controller_ESC_get_check_sum 00000001800898c0 f   c12_DFA_PID_Controller_ESC.obj
 0001:00088940       sf_c12_DFA_PID_Controller_ESC_get_autoinheritance_info 0000000180089940 f   c12_DFA_PID_Controller_ESC.obj
 0001:00089130       sf_c12_DFA_PID_Controller_ESC_third_party_uses_info 000000018008a130 f   c12_DFA_PID_Controller_ESC.obj
 0001:00089160       sf_c12_DFA_PID_Controller_ESC_updateBuildInfo_args_info 000000018008a160 f   c12_DFA_PID_Controller_ESC.obj
 0001:00089190       sf_internal_get_sim_state_c12_DFA_PID_Controller_ESC 000000018008a190 f   c12_DFA_PID_Controller_ESC.obj
 0001:00089bf0       sf_internal_set_sim_state_c12_DFA_PID_Controller_ESC 000000018008abf0 f   c12_DFA_PID_Controller_ESC.obj
 0001:0008a9c0       c12_DFA_PID_Controller_ESC_method_dispatcher 000000018008b9c0 f   c12_DFA_PID_Controller_ESC.obj
 0001:0008feb0       sf_c13_DFA_PID_Controller_ESC_get_eml_resolved_functions_info 0000000180090eb0 f   c13_DFA_PID_Controller_ESC.obj
 0001:000972f0       sf_c13_DFA_PID_Controller_ESC_get_check_sum 00000001800982f0 f   c13_DFA_PID_Controller_ESC.obj
 0001:00097370       sf_c13_DFA_PID_Controller_ESC_get_autoinheritance_info 0000000180098370 f   c13_DFA_PID_Controller_ESC.obj
 0001:00097b60       sf_c13_DFA_PID_Controller_ESC_third_party_uses_info 0000000180098b60 f   c13_DFA_PID_Controller_ESC.obj
 0001:00097b90       sf_c13_DFA_PID_Controller_ESC_updateBuildInfo_args_info 0000000180098b90 f   c13_DFA_PID_Controller_ESC.obj
 0001:00097bc0       sf_internal_get_sim_state_c13_DFA_PID_Controller_ESC 0000000180098bc0 f   c13_DFA_PID_Controller_ESC.obj
 0001:00098620       sf_internal_set_sim_state_c13_DFA_PID_Controller_ESC 0000000180099620 f   c13_DFA_PID_Controller_ESC.obj
 0001:00099410       c13_DFA_PID_Controller_ESC_method_dispatcher 000000018009a410 f   c13_DFA_PID_Controller_ESC.obj
 0001:0009e8f0       sf_c14_DFA_PID_Controller_ESC_get_eml_resolved_functions_info 000000018009f8f0 f   c14_DFA_PID_Controller_ESC.obj
 0001:000a5d30       sf_c14_DFA_PID_Controller_ESC_get_check_sum 00000001800a6d30 f   c14_DFA_PID_Controller_ESC.obj
 0001:000a5db0       sf_c14_DFA_PID_Controller_ESC_get_autoinheritance_info 00000001800a6db0 f   c14_DFA_PID_Controller_ESC.obj
 0001:000a65a0       sf_c14_DFA_PID_Controller_ESC_third_party_uses_info 00000001800a75a0 f   c14_DFA_PID_Controller_ESC.obj
 0001:000a65d0       sf_c14_DFA_PID_Controller_ESC_updateBuildInfo_args_info 00000001800a75d0 f   c14_DFA_PID_Controller_ESC.obj
 0001:000a6600       sf_internal_get_sim_state_c14_DFA_PID_Controller_ESC 00000001800a7600 f   c14_DFA_PID_Controller_ESC.obj
 0001:000a7030       sf_internal_set_sim_state_c14_DFA_PID_Controller_ESC 00000001800a8030 f   c14_DFA_PID_Controller_ESC.obj
 0001:000a7e40       c14_DFA_PID_Controller_ESC_method_dispatcher 00000001800a8e40 f   c14_DFA_PID_Controller_ESC.obj
 0001:000ad2f0       sf_c15_DFA_PID_Controller_ESC_get_eml_resolved_functions_info 00000001800ae2f0 f   c15_DFA_PID_Controller_ESC.obj
 0001:000b4730       sf_c15_DFA_PID_Controller_ESC_get_check_sum 00000001800b5730 f   c15_DFA_PID_Controller_ESC.obj
 0001:000b47b0       sf_c15_DFA_PID_Controller_ESC_get_autoinheritance_info 00000001800b57b0 f   c15_DFA_PID_Controller_ESC.obj
 0001:000b4fa0       sf_c15_DFA_PID_Controller_ESC_third_party_uses_info 00000001800b5fa0 f   c15_DFA_PID_Controller_ESC.obj
 0001:000b4fd0       sf_c15_DFA_PID_Controller_ESC_updateBuildInfo_args_info 00000001800b5fd0 f   c15_DFA_PID_Controller_ESC.obj
 0001:000b5000       sf_internal_get_sim_state_c15_DFA_PID_Controller_ESC 00000001800b6000 f   c15_DFA_PID_Controller_ESC.obj
 0001:000b5a40       sf_internal_set_sim_state_c15_DFA_PID_Controller_ESC 00000001800b6a40 f   c15_DFA_PID_Controller_ESC.obj
 0001:000b6840       c15_DFA_PID_Controller_ESC_method_dispatcher 00000001800b7840 f   c15_DFA_PID_Controller_ESC.obj
 0001:000bbca0       sf_c16_DFA_PID_Controller_ESC_get_eml_resolved_functions_info 00000001800bcca0 f   c16_DFA_PID_Controller_ESC.obj
 0001:000bdd90       sf_c16_DFA_PID_Controller_ESC_get_check_sum 00000001800bed90 f   c16_DFA_PID_Controller_ESC.obj
 0001:000bde10       sf_c16_DFA_PID_Controller_ESC_get_autoinheritance_info 00000001800bee10 f   c16_DFA_PID_Controller_ESC.obj
 0001:000be380       sf_c16_DFA_PID_Controller_ESC_third_party_uses_info 00000001800bf380 f   c16_DFA_PID_Controller_ESC.obj
 0001:000be3b0       sf_c16_DFA_PID_Controller_ESC_updateBuildInfo_args_info 00000001800bf3b0 f   c16_DFA_PID_Controller_ESC.obj
 0001:000be3e0       sf_internal_get_sim_state_c16_DFA_PID_Controller_ESC 00000001800bf3e0 f   c16_DFA_PID_Controller_ESC.obj
 0001:000be750       sf_internal_set_sim_state_c16_DFA_PID_Controller_ESC 00000001800bf750 f   c16_DFA_PID_Controller_ESC.obj
 0001:000beb40       c16_DFA_PID_Controller_ESC_method_dispatcher 00000001800bfb40 f   c16_DFA_PID_Controller_ESC.obj
 0001:000c1010       sf_c17_DFA_PID_Controller_ESC_get_eml_resolved_functions_info 00000001800c2010 f   c17_DFA_PID_Controller_ESC.obj
 0001:000c1090       sf_c17_DFA_PID_Controller_ESC_get_check_sum 00000001800c2090 f   c17_DFA_PID_Controller_ESC.obj
 0001:000c1110       sf_c17_DFA_PID_Controller_ESC_get_autoinheritance_info 00000001800c2110 f   c17_DFA_PID_Controller_ESC.obj
 0001:000c1770       sf_c17_DFA_PID_Controller_ESC_third_party_uses_info 00000001800c2770 f   c17_DFA_PID_Controller_ESC.obj
 0001:000c17a0       sf_c17_DFA_PID_Controller_ESC_updateBuildInfo_args_info 00000001800c27a0 f   c17_DFA_PID_Controller_ESC.obj
 0001:000c17d0       sf_internal_get_sim_state_c17_DFA_PID_Controller_ESC 00000001800c27d0 f   c17_DFA_PID_Controller_ESC.obj
 0001:000c1d90       sf_internal_set_sim_state_c17_DFA_PID_Controller_ESC 00000001800c2d90 f   c17_DFA_PID_Controller_ESC.obj
 0001:000c2260       c17_DFA_PID_Controller_ESC_method_dispatcher 00000001800c3260 f   c17_DFA_PID_Controller_ESC.obj
 0001:000c42e0       sf_c18_DFA_PID_Controller_ESC_get_eml_resolved_functions_info 00000001800c52e0 f   c18_DFA_PID_Controller_ESC.obj
 0001:000c63d0       sf_c18_DFA_PID_Controller_ESC_get_check_sum 00000001800c73d0 f   c18_DFA_PID_Controller_ESC.obj
 0001:000c6450       sf_c18_DFA_PID_Controller_ESC_get_autoinheritance_info 00000001800c7450 f   c18_DFA_PID_Controller_ESC.obj
 0001:000c69c0       sf_c18_DFA_PID_Controller_ESC_third_party_uses_info 00000001800c79c0 f   c18_DFA_PID_Controller_ESC.obj
 0001:000c69f0       sf_c18_DFA_PID_Controller_ESC_updateBuildInfo_args_info 00000001800c79f0 f   c18_DFA_PID_Controller_ESC.obj
 0001:000c6a20       sf_internal_get_sim_state_c18_DFA_PID_Controller_ESC 00000001800c7a20 f   c18_DFA_PID_Controller_ESC.obj
 0001:000c6d80       sf_internal_set_sim_state_c18_DFA_PID_Controller_ESC 00000001800c7d80 f   c18_DFA_PID_Controller_ESC.obj
 0001:000c7170       c18_DFA_PID_Controller_ESC_method_dispatcher 00000001800c8170 f   c18_DFA_PID_Controller_ESC.obj
 0001:000c9660       sf_c19_DFA_PID_Controller_ESC_get_eml_resolved_functions_info 00000001800ca660 f   c19_DFA_PID_Controller_ESC.obj
 0001:000cb750       sf_c19_DFA_PID_Controller_ESC_get_check_sum 00000001800cc750 f   c19_DFA_PID_Controller_ESC.obj
 0001:000cb7d0       sf_c19_DFA_PID_Controller_ESC_get_autoinheritance_info 00000001800cc7d0 f   c19_DFA_PID_Controller_ESC.obj
 0001:000cbd40       sf_c19_DFA_PID_Controller_ESC_third_party_uses_info 00000001800ccd40 f   c19_DFA_PID_Controller_ESC.obj
 0001:000cbd70       sf_c19_DFA_PID_Controller_ESC_updateBuildInfo_args_info 00000001800ccd70 f   c19_DFA_PID_Controller_ESC.obj
 0001:000cbda0       sf_internal_get_sim_state_c19_DFA_PID_Controller_ESC 00000001800ccda0 f   c19_DFA_PID_Controller_ESC.obj
 0001:000cc100       sf_internal_set_sim_state_c19_DFA_PID_Controller_ESC 00000001800cd100 f   c19_DFA_PID_Controller_ESC.obj
 0001:000cc4f0       c19_DFA_PID_Controller_ESC_method_dispatcher 00000001800cd4f0 f   c19_DFA_PID_Controller_ESC.obj
 0001:000ce9e0       sf_c20_DFA_PID_Controller_ESC_get_eml_resolved_functions_info 00000001800cf9e0 f   c20_DFA_PID_Controller_ESC.obj
 0001:000d0ad0       sf_c20_DFA_PID_Controller_ESC_get_check_sum 00000001800d1ad0 f   c20_DFA_PID_Controller_ESC.obj
 0001:000d0b50       sf_c20_DFA_PID_Controller_ESC_get_autoinheritance_info 00000001800d1b50 f   c20_DFA_PID_Controller_ESC.obj
 0001:000d10c0       sf_c20_DFA_PID_Controller_ESC_third_party_uses_info 00000001800d20c0 f   c20_DFA_PID_Controller_ESC.obj
 0001:000d10f0       sf_c20_DFA_PID_Controller_ESC_updateBuildInfo_args_info 00000001800d20f0 f   c20_DFA_PID_Controller_ESC.obj
 0001:000d1120       sf_internal_get_sim_state_c20_DFA_PID_Controller_ESC 00000001800d2120 f   c20_DFA_PID_Controller_ESC.obj
 0001:000d1480       sf_internal_set_sim_state_c20_DFA_PID_Controller_ESC 00000001800d2480 f   c20_DFA_PID_Controller_ESC.obj
 0001:000d1870       c20_DFA_PID_Controller_ESC_method_dispatcher 00000001800d2870 f   c20_DFA_PID_Controller_ESC.obj
 0001:000d3d60       sf_c21_DFA_PID_Controller_ESC_get_eml_resolved_functions_info 00000001800d4d60 f   c21_DFA_PID_Controller_ESC.obj
 0001:000d3de0       sf_c21_DFA_PID_Controller_ESC_get_check_sum 00000001800d4de0 f   c21_DFA_PID_Controller_ESC.obj
 0001:000d3e60       sf_c21_DFA_PID_Controller_ESC_get_autoinheritance_info 00000001800d4e60 f   c21_DFA_PID_Controller_ESC.obj
 0001:000d4280       sf_c21_DFA_PID_Controller_ESC_third_party_uses_info 00000001800d5280 f   c21_DFA_PID_Controller_ESC.obj
 0001:000d42b0       sf_c21_DFA_PID_Controller_ESC_updateBuildInfo_args_info 00000001800d52b0 f   c21_DFA_PID_Controller_ESC.obj
 0001:000d42e0       sf_internal_get_sim_state_c21_DFA_PID_Controller_ESC 00000001800d52e0 f   c21_DFA_PID_Controller_ESC.obj
 0001:000d4640       sf_internal_set_sim_state_c21_DFA_PID_Controller_ESC 00000001800d5640 f   c21_DFA_PID_Controller_ESC.obj
 0001:000d4a30       c21_DFA_PID_Controller_ESC_method_dispatcher 00000001800d5a30 f   c21_DFA_PID_Controller_ESC.obj
 0001:000d6620       sf_c23_DFA_PID_Controller_ESC_get_eml_resolved_functions_info 00000001800d7620 f   c23_DFA_PID_Controller_ESC.obj
 0001:000d66a0       sf_c23_DFA_PID_Controller_ESC_get_check_sum 00000001800d76a0 f   c23_DFA_PID_Controller_ESC.obj
 0001:000d6720       sf_c23_DFA_PID_Controller_ESC_get_autoinheritance_info 00000001800d7720 f   c23_DFA_PID_Controller_ESC.obj
 0001:000d6de0       sf_c23_DFA_PID_Controller_ESC_third_party_uses_info 00000001800d7de0 f   c23_DFA_PID_Controller_ESC.obj
 0001:000d6e10       sf_c23_DFA_PID_Controller_ESC_updateBuildInfo_args_info 00000001800d7e10 f   c23_DFA_PID_Controller_ESC.obj
 0001:000d6e40       sf_internal_get_sim_state_c23_DFA_PID_Controller_ESC 00000001800d7e40 f   c23_DFA_PID_Controller_ESC.obj
 0001:000d7280       sf_internal_set_sim_state_c23_DFA_PID_Controller_ESC 00000001800d8280 f   c23_DFA_PID_Controller_ESC.obj
 0001:000d76b0       c23_DFA_PID_Controller_ESC_method_dispatcher 00000001800d86b0 f   c23_DFA_PID_Controller_ESC.obj
 0001:000d9d30       sf_process_check_sum_call  00000001800dad30 f   DFA_PID_Controller_ESC_sfun_registry.obj
 0001:000d9d80       sf_process_autoinheritance_call 00000001800dad80 f   DFA_PID_Controller_ESC_sfun_registry.obj
 0001:000d9f20       sf_process_get_third_party_uses_info_call 00000001800daf20 f   DFA_PID_Controller_ESC_sfun_registry.obj
 0001:000da0c0       sf_process_get_updateBuildInfo_args_info_call 00000001800db0c0 f   DFA_PID_Controller_ESC_sfun_registry.obj
 0001:000da260       sf_process_get_eml_resolved_functions_info_call 00000001800db260 f   DFA_PID_Controller_ESC_sfun_registry.obj
 0001:000da3e0       sf_mex_unlock_call         00000001800db3e0 f   DFA_PID_Controller_ESC_sfun_registry.obj
 0001:000da490       sf_machine_global_initializer_called 00000001800db490 f   DFA_PID_Controller_ESC_sfun_registry.obj
 0001:000da4c0       sf_machine_global_method_dispatcher 00000001800db4c0 f   DFA_PID_Controller_ESC_sfun_registry.obj
 0001:000da520       sf_machine_global_terminator 00000001800db520 f   DFA_PID_Controller_ESC_sfun_registry.obj
 0001:000da570       sf_register_machine_exported_symbols 00000001800db570 f   DFA_PID_Controller_ESC_sfun_registry.obj
 0001:000da590       callCustomFcn              00000001800db590 f   DFA_PID_Controller_ESC_sfun_registry.obj
 0001:000da5a0       sf_machine_global_initializer 00000001800db5a0 f   DFA_PID_Controller_ESC_sfun_registry.obj
 0001:000da620       mdlGetSimState             00000001800db620 f   DFA_PID_Controller_ESC_sfun_registry.obj
 0001:000da6a0       mdlSetSimState             00000001800db6a0 f   DFA_PID_Controller_ESC_sfun_registry.obj
 0001:000da6e0       _ssSetStateAbsTol          00000001800db6e0 f   DFA_PID_Controller_ESC_sfun_registry.obj
 0001:000da7c0       _ssGetAbsTol               00000001800db7c0 f   DFA_PID_Controller_ESC_sfun_registry.obj
 0001:000da830       _ssSetInputPortMatrixDimensions 00000001800db830 f   DFA_PID_Controller_ESC_sfun_registry.obj
 0001:000da940       _ssSetOutputPortMatrixDimensions 00000001800db940 f   DFA_PID_Controller_ESC_sfun_registry.obj
 0001:000daa50       _ssSetInputPortVectorDimension 00000001800dba50 f   DFA_PID_Controller_ESC_sfun_registry.obj
 0001:000dab20       _ssSetOutputPortVectorDimension 00000001800dbb20 f   DFA_PID_Controller_ESC_sfun_registry.obj
 0001:000dabf0       ssIsRunTimeParamTunable    00000001800dbbf0 f   DFA_PID_Controller_ESC_sfun_registry.obj
 0001:000dac60       ssGetSFuncBlockHandle      00000001800dbc60 f   DFA_PID_Controller_ESC_sfun_registry.obj
 0001:000dacd0       _ssGetCurrentInputPortWidth 00000001800dbcd0 f   DFA_PID_Controller_ESC_sfun_registry.obj
 0001:000dadf0       _ssGetCurrentOutputPortWidth 00000001800dbdf0 f   DFA_PID_Controller_ESC_sfun_registry.obj
 0001:000daf10       _ssGetCallSystemNumFcnCallDestinations 00000001800dbf10 f   DFA_PID_Controller_ESC_sfun_registry.obj
 0001:000daf80       ssWarning                  00000001800dbf80 f   DFA_PID_Controller_ESC_sfun_registry.obj
 0001:000db090       ssGetIsZeroCrossControlDisabled 00000001800dc090 f   DFA_PID_Controller_ESC_sfun_registry.obj
 0001:000db100       ssSetIsInputPortUsedForContZcSignal 00000001800dc100 f   DFA_PID_Controller_ESC_sfun_registry.obj
 0001:000db170       ssSetZcSignalIsZcElementDisc 00000001800dc170 f   DFA_PID_Controller_ESC_sfun_registry.obj
 0001:000db220       ssSetZcSignalName          00000001800dc220 f   DFA_PID_Controller_ESC_sfun_registry.obj
 0001:000db290       ssSetZcSignalWidth         00000001800dc290 f   DFA_PID_Controller_ESC_sfun_registry.obj
 0001:000db300       ssSetZcSignalZcEventType   00000001800dc300 f   DFA_PID_Controller_ESC_sfun_registry.obj
 0001:000db370       ssSetZcSignalType          00000001800dc370 f   DFA_PID_Controller_ESC_sfun_registry.obj
 0001:000db3e0       ssSetZcSignalZcTol         00000001800dc3e0 f   DFA_PID_Controller_ESC_sfun_registry.obj
 0001:000db450       ssSetZcSignalNeedsEventNotification 00000001800dc450 f   DFA_PID_Controller_ESC_sfun_registry.obj
 0001:000db4c0       ssCreateAndAddZcSignalInfo 00000001800dc4c0 f   DFA_PID_Controller_ESC_sfun_registry.obj
 0001:000db530       ssCloneAndAddZcSignalInfo  00000001800dc530 f   DFA_PID_Controller_ESC_sfun_registry.obj
 0001:000db5a0       ssGetNumZcSignals          00000001800dc5a0 f   DFA_PID_Controller_ESC_sfun_registry.obj
 0001:000db610       ssGetZcSignalVector        00000001800dc610 f   DFA_PID_Controller_ESC_sfun_registry.obj
 0001:000db680       ssGetZcSignalZcEvents      00000001800dc680 f   DFA_PID_Controller_ESC_sfun_registry.obj
 0001:000db6f0       ssGetZcSignalName          00000001800dc6f0 f   DFA_PID_Controller_ESC_sfun_registry.obj
 0001:000db760       ssGetZcSignalWidth         00000001800dc760 f   DFA_PID_Controller_ESC_sfun_registry.obj
 0001:000db7d0       ssGetZcSignalZcEventType   00000001800dc7d0 f   DFA_PID_Controller_ESC_sfun_registry.obj
 0001:000db840       ssGetZcSignalType          00000001800dc840 f   DFA_PID_Controller_ESC_sfun_registry.obj
 0001:000db8b0       ssGetZcSignalZcTol         00000001800dc8b0 f   DFA_PID_Controller_ESC_sfun_registry.obj
 0001:000db930       ssGetZcSignalNeedsEventNotification 00000001800dc930 f   DFA_PID_Controller_ESC_sfun_registry.obj
 0001:000db9a0       ssGetZcSignalIsZcElementDisc 00000001800dc9a0 f   DFA_PID_Controller_ESC_sfun_registry.obj
 0001:000dba40       ssGetIsInputPortElementContinuous 00000001800dca40 f   DFA_PID_Controller_ESC_sfun_registry.obj
 0001:000dbae0       _ssGetInputPortSignalPtrsFcn 00000001800dcae0 f   DFA_PID_Controller_ESC_sfun_registry.obj
 0001:000dbda0       _ssGetInputPortSignalFcn   00000001800dcda0 f   DFA_PID_Controller_ESC_sfun_registry.obj
 0001:000dbfc0       _ssSetInputPortDirectFeedThroughFcn 00000001800dcfc0 f   DFA_PID_Controller_ESC_sfun_registry.obj
 0001:000dc120       _ssSetInputPortReusableFcn 00000001800dd120 f   DFA_PID_Controller_ESC_sfun_registry.obj
 0001:000dc210       _ssSetOutputPortReusableFcn 00000001800dd210 f   DFA_PID_Controller_ESC_sfun_registry.obj
 0001:000dc2f0       ssGetDTypeIdFromMxArray    00000001800dd2f0 f   DFA_PID_Controller_ESC_sfun_registry.obj
 0001:000dc410       ssWriteRTWStr              00000001800dd410 f   DFA_PID_Controller_ESC_sfun_registry.obj
 0001:000dc470       ssWriteRTWMxVectParam      00000001800dd470 f   DFA_PID_Controller_ESC_sfun_registry.obj
 0001:000dc4d0       ssWriteRTWMx2dMatParam     00000001800dd4d0 f   DFA_PID_Controller_ESC_sfun_registry.obj
 0001:000dc550       ssWriteRTWNameValuePair    00000001800dd550 f   DFA_PID_Controller_ESC_sfun_registry.obj
 0001:000dca40       ssWriteRTWParameters       00000001800dda40 f   DFA_PID_Controller_ESC_sfun_registry.obj
 0001:000dd040       ssWriteRTWParamSettings    00000001800de040 f   DFA_PID_Controller_ESC_sfun_registry.obj
 0001:000dd710       ssWriteRTWWorkVect         00000001800de710 f   DFA_PID_Controller_ESC_sfun_registry.obj
 0001:000ddc10       mexFunction                00000001800dec10 f   DFA_PID_Controller_ESC_sfun_registry.obj
 0001:000e0090       ProcessMexSfunctionEveryCall 00000001800e1090 f   DFA_PID_Controller_ESC_sfun_registry.obj
 0001:000e0212       sf_debug_set_machine_data_thresholds 00000001800e1212 f   sf_runtime:sf_runtime.dll
 0001:000e0218       sf_debug_set_machine_event_thresholds 00000001800e1218 f   sf_runtime:sf_runtime.dll
 0001:000e021e       sf_debug_initialize_machine 00000001800e121e f   sf_runtime:sf_runtime.dll
 0001:000e0224       sf_load_rtw_optimization_info 00000001800e1224 f   sf_runtime:sf_runtime.dll
 0001:000e022a       sf_mex_emlrtNameCapturePostProcessR2012a 00000001800e122a f   sf_runtime:sf_runtime.dll
 0001:000e0230       sf_mex_assign              00000001800e1230 f   sf_runtime:sf_runtime.dll
 0001:000e0236       sf_mex_createstruct        00000001800e1236 f   sf_runtime:sf_runtime.dll
 0001:000e023c       sf_mex_destroy             00000001800e123c f   sf_runtime:sf_runtime.dll
 0001:000e0242       sf_mex_duplicatearraysafe  00000001800e1242 f   sf_runtime:sf_runtime.dll
 0001:000e0248       sf_mex_createcellmatrix    00000001800e1248 f   sf_runtime:sf_runtime.dll
 0001:000e024e       sf_mex_addfield            00000001800e124e f   sf_runtime:sf_runtime.dll
 0001:000e0254       sf_mex_create              00000001800e1254 f   sf_runtime:sf_runtime.dll
 0001:000e025a       sf_mex_error_message       00000001800e125a f   sf_runtime:sf_runtime.dll
 0001:000e0260       sf_mex_call_matlab         00000001800e1260 f   sf_runtime:sf_runtime.dll
 0001:000e0266       sf_mex_setcell             00000001800e1266 f   sf_runtime:sf_runtime.dll
 0001:000e026c       sf_mex_decode_encoded_mx_struct_array 00000001800e126c f   sf_runtime:sf_runtime.dll
 0001:000e0272       sf_mex_getcell             00000001800e1272 f   sf_runtime:sf_runtime.dll
 0001:000e0278       sf_mex_dup                 00000001800e1278 f   sf_runtime:sf_runtime.dll
 0001:000e027e       sf_mex_import              00000001800e127e f   sf_runtime:sf_runtime.dll
 0001:000e0284       sf_set_rtw_dwork_info      00000001800e1284 f   sf_runtime:sf_runtime.dll
 0001:000e028a       sf_mark_chart_reusable_outputs 00000001800e128a f   sf_runtime:sf_runtime.dll
 0001:000e0290       sf_mark_chart_expressionable_inputs 00000001800e1290 f   sf_runtime:sf_runtime.dll
 0001:000e0296       sf_update_buildInfo        00000001800e1296 f   sf_runtime:sf_runtime.dll
 0001:000e029c       sf_rtw_info_uint_prop      00000001800e129c f   sf_runtime:sf_runtime.dll
 0001:000e02a2       sf_is_chart_inlinable      00000001800e12a2 f   sf_runtime:sf_runtime.dll
 0001:000e02a8       sim_mode_is_external       00000001800e12a8 f   sf_runtime:sf_runtime.dll
 0001:000e02ae       sim_mode_is_rtw_gen        00000001800e12ae f   sf_runtime:sf_runtime.dll
 0001:000e02b4       sf_debug_reset_current_state_configuration 00000001800e12b4 f   sf_runtime:sf_runtime.dll
 0001:000e02ba       sf_debug_set_instance_data_value_ptr 00000001800e12ba f   sf_runtime:sf_runtime.dll
 0001:000e02c0       sf_debug_set_chart_data_compiled_props 00000001800e12c0 f   sf_runtime:sf_runtime.dll
 0001:000e02c6       cv_eml_init_if             00000001800e12c6 f   sf_runtime:sf_runtime.dll
 0001:000e02cc       cv_eml_init_fcn            00000001800e12cc f   sf_runtime:sf_runtime.dll
 0001:000e02d2       cv_eml_init_script         00000001800e12d2 f   sf_runtime:sf_runtime.dll
 0001:000e02d8       sf_debug_cv_init_trans     00000001800e12d8 f   sf_runtime:sf_runtime.dll
 0001:000e02de       sf_debug_cv_init_state     00000001800e12de f   sf_runtime:sf_runtime.dll
 0001:000e02e4       sf_debug_cv_init_chart     00000001800e12e4 f   sf_runtime:sf_runtime.dll
 0001:000e02ea       sf_debug_set_chart_decomposition 00000001800e12ea f   sf_runtime:sf_runtime.dll
 0001:000e02f0       sf_debug_set_chart_substate_count 00000001800e12f0 f   sf_runtime:sf_runtime.dll
 0001:000e02f6       sf_debug_set_chart_state_info 00000001800e12f6 f   sf_runtime:sf_runtime.dll
 0001:000e02fc       sf_debug_set_chart_data_props 00000001800e12fc f   sf_runtime:sf_runtime.dll
 0001:000e0302       sf_debug_set_chart_event_thresholds 00000001800e1302 f   sf_runtime:sf_runtime.dll
 0001:000e0308       sf_debug_set_chart_disable_implicit_casting 00000001800e1308 f   sf_runtime:sf_runtime.dll
 0001:000e030e       sf_debug_initialize_chart  00000001800e130e f   sf_runtime:sf_runtime.dll
 0001:000e0314       sf_get_time                00000001800e1314 f   sf_runtime:sf_runtime.dll
 0001:000e031a       sf_debug_check_for_state_inconsistency 00000001800e131a f   sf_runtime:sf_runtime.dll
 0001:000e0320       sf_debug_symbol_scope_pop  00000001800e1320 f   sf_runtime:sf_runtime.dll
 0001:000e0326       eml_debug_line_call        00000001800e1326 f   sf_runtime:sf_runtime.dll
 0001:000e032c       cv_eml_eval                00000001800e132c f   sf_runtime:sf_runtime.dll
 0001:000e0332       sf_debug_symbol_scope_add_eml 00000001800e1332 f   sf_runtime:sf_runtime.dll
 0001:000e0338       sf_debug_symbol_scope_add_eml_importable 00000001800e1338 f   sf_runtime:sf_runtime.dll
 0001:000e033e       sf_debug_symbol_scope_push_eml 00000001800e133e f   sf_runtime:sf_runtime.dll
 0001:000e0344       sf_debug_data_range_wrapper 00000001800e1344 f   sf_runtime:sf_runtime.dll
 0001:000e034a       sf_debug_call              00000001800e134a f   sf_runtime:sf_runtime.dll
 0001:000e0350       sf_debug_symbol_scope_push 00000001800e1350 f   sf_runtime:sf_runtime.dll
 0001:000e0356       sf_debug_eml_data_array_bounds_error_check 00000001800e1356 f   sf_runtime:sf_runtime.dll
 0001:000e035c       sf_debug_integer_check     00000001800e135c f   sf_runtime:sf_runtime.dll
 0001:000e0362       sf_mex_call_debug          00000001800e1362 f   sf_runtime:sf_runtime.dll
 0001:000e0368       sf_clear_rtw_identifier    00000001800e1368 f   sf_runtime:sf_runtime.dll
 0001:000e036e       sf_debug_terminate         00000001800e136e f   sf_runtime:sf_runtime.dll
 0001:000e0374       sf_debug_create_debug_instance_struct 00000001800e1374 f   sf_runtime:sf_runtime.dll
 0001:000e037a       sf_debug_api               00000001800e137a f   sf_runtime:sf_runtime.dll
 0001:000e0380       callMdlMethodAndReportError 00000001800e1380 f   sf_runtime:sf_runtime.dll
 0001:000e0386       call_sf_machine_global_method_dispatcher 00000001800e1386 f   sf_runtime:sf_runtime.dll
 0001:000e038c       sf_clear_error_manager_info 00000001800e138c f   sf_runtime:sf_runtime.dll
 0001:000e0392       sf_mex_error_direct_call   00000001800e1392 f   sf_runtime:sf_runtime.dll
 0001:000e0398       mxGetScalar                00000001800e1398 f   libmx:libmx.dll
 0001:000e039e       mxGetPr                    00000001800e139e f   libmx:libmx.dll
 0001:000e03a4       mxCreateDoubleMatrix_730   00000001800e13a4 f   libmx:libmx.dll
 0001:000e03aa       mxGetString_730            00000001800e13aa f   libmx:libmx.dll
 0001:000e03b0       mxIsChar                   00000001800e13b0 f   libmx:libmx.dll
 0001:000e03b6       mxDestroyArray             00000001800e13b6 f   libmx:libmx.dll
 0001:000e03bc       mxDuplicateArray           00000001800e13bc f   libmx:libmx.dll
 0001:000e03c2       mxCreateDoubleScalar       00000001800e13c2 f   libmx:libmx.dll
 0001:000e03c8       mxSetField_730             00000001800e13c8 f   libmx:libmx.dll
 0001:000e03ce       mxCreateString             00000001800e13ce f   libmx:libmx.dll
 0001:000e03d4       mxCreateStructMatrix_730   00000001800e13d4 f   libmx:libmx.dll
 0001:000e03da       mxCreateCellMatrix_730     00000001800e13da f   libmx:libmx.dll
 0001:000e03e0       mxIsEmpty                  00000001800e13e0 f   libmx:libmx.dll
 0001:000e03e6       mxGetClassID               00000001800e13e6 f   libmx:libmx.dll
 0001:000e03ec       mxIsNumeric                00000001800e13ec f   libmx:libmx.dll
 0001:000e03f2       mxIsComplex                00000001800e13f2 f   libmx:libmx.dll
 0001:000e03f8       mxGetN                     00000001800e13f8 f   libmx:libmx.dll
 0001:000e03fe       mxGetM                     00000001800e13fe f   libmx:libmx.dll
 0001:000e0404       mxCalloc                   00000001800e1404 f   libmx:libmx.dll
 0001:000e040a       mexMakeArrayPersistent     00000001800e140a f   libmex:libmex.dll
 0001:000e0410       mexUnlock                  00000001800e1410 f   libmex:libmex.dll
 0001:000e0416       mexIsLocked                00000001800e1416 f   libmex:libmex.dll
 0001:000e041c       mexWarnMsgTxt              00000001800e141c f   libmex:libmex.dll
 0001:000e0422       mexCallMATLAB              00000001800e1422 f   libmex:libmex.dll
 0001:000e0428       mexErrMsgTxt               00000001800e1428 f   libmex:libmex.dll
 0001:000e042e       mexLock                    00000001800e142e f   libmex:libmex.dll
 0001:000e0434       utMalloc                   00000001800e1434 f   libut:libut.dll
 0001:000e043a       utFree                     00000001800e143a f   libut:libut.dll
 0001:000e0440       muDoubleScalarSqrt         00000001800e1440 f   libmwmathutil:libmwmathutil.dll
 0001:000e0446       muDoubleScalarLog          00000001800e1446 f   libmwmathutil:libmwmathutil.dll
 0001:000e044c       muDoubleScalarExp          00000001800e144c f   libmwmathutil:libmwmathutil.dll
 0001:000e0452       muDoubleScalarAbs          00000001800e1452 f   libmwmathutil:libmwmathutil.dll
 0001:000e0458       muDoubleScalarRound        00000001800e1458 f   libmwmathutil:libmwmathutil.dll
 0001:000e045e       muDoubleScalarSin          00000001800e145e f   libmwmathutil:libmwmathutil.dll
 0001:000e0464       muDoubleScalarCos          00000001800e1464 f   libmwmathutil:libmwmathutil.dll
 0001:000e046c       __GSHandlerCheckCommon     00000001800e146c f   MSVCRT:gshandler.obj
 0001:000e04d0       __GSHandlerCheck           00000001800e14d0 f   MSVCRT:gshandler.obj
 0001:000e04ee       strcmp                     00000001800e14ee f   MSVCRT:MSVCR100.dll
 0001:000e0510       __security_check_cookie    00000001800e1510 f   MSVCRT:amdsecgs.obj
 0001:000e0530       strlen                     00000001800e1530 f   MSVCRT:MSVCR100.dll
 0001:000e0536       memset                     00000001800e1536 f   MSVCRT:MSVCR100.dll
 0001:000e053c       free                       00000001800e153c f   MSVCRT:MSVCR100.dll
 0001:000e0542       sprintf                    00000001800e1542 f   MSVCRT:MSVCR100.dll
 0001:000e0548       malloc                     00000001800e1548 f   MSVCRT:MSVCR100.dll
 0001:000e054e       strcat                     00000001800e154e f   MSVCRT:MSVCR100.dll
 0001:000e0554       memcpy                     00000001800e1554 f   MSVCRT:MSVCR100.dll
 0001:000e055c       NtCurrentTeb               00000001800e155c f i MSVCRT:crtdll.obj
 0001:000e05c8       _CRT_INIT                  00000001800e15c8 f   MSVCRT:crtdll.obj
 0001:000e0960       _DllMainCRTStartup         00000001800e1960 f   MSVCRT:crtdll.obj
 0001:000e09a0       __report_gsfailure         00000001800e19a0 f   MSVCRT:gs_report.obj
 0001:000e0aec       __clean_type_info_names    00000001800e1aec f   MSVCRT:tncleanup.obj
 0001:000e0af8       _onexit                    00000001800e1af8 f   MSVCRT:atonexit.obj
 0001:000e0ba8       atexit                     00000001800e1ba8 f   MSVCRT:atonexit.obj
 0001:000e0bc0       _RTC_Initialize            00000001800e1bc0 f   MSVCRT:_initsect_.obj
 0001:000e0bf8       _RTC_Terminate             00000001800e1bf8 f   MSVCRT:_initsect_.obj
 0001:000e0c30       _malloc_crt                00000001800e1c30 f   MSVCRT:MSVCR100.dll
 0001:000e0c40       _ValidateImageBase         00000001800e1c40 f   MSVCRT:pesect.obj
 0001:000e0c70       _FindPESection             00000001800e1c70 f   MSVCRT:pesect.obj
 0001:000e0cc0       _IsNonwritableInCurrentImage 00000001800e1cc0 f   MSVCRT:pesect.obj
 0001:000e0d02       _initterm                  00000001800e1d02 f   MSVCRT:MSVCR100.dll
 0001:000e0d08       _initterm_e                00000001800e1d08 f   MSVCRT:MSVCR100.dll
 0001:000e0d0e       _encoded_null              00000001800e1d0e f   MSVCRT:MSVCR100.dll
 0001:000e0d14       _amsg_exit                 00000001800e1d14 f   MSVCRT:MSVCR100.dll
 0001:000e0d1a       __C_specific_handler       00000001800e1d1a f   MSVCRT:MSVCR100.dll
 0001:000e0d20       __CppXcptFilter            00000001800e1d20 f   MSVCRT:MSVCR100.dll
 0001:000e0d28       DllMain                    00000001800e1d28 f   MSVCRT:dllmain.obj
 0001:000e0d4c       __security_init_cookie     00000001800e1d4c f   MSVCRT:gs_support.obj
 0001:000e0e00       __crt_debugger_hook        00000001800e1e00 f   MSVCRT:MSVCR100.dll
 0001:000e0e06       __clean_type_info_names_internal 00000001800e1e06 f   MSVCRT:MSVCR100.dll
 0001:000e0e0c       _unlock                    00000001800e1e0c f   MSVCRT:MSVCR100.dll
 0001:000e0e12       __dllonexit                00000001800e1e12 f   MSVCRT:MSVCR100.dll
 0001:000e0e18       _lock                      00000001800e1e18 f   MSVCRT:MSVCR100.dll
 0001:000e0e1e       EncodePointer              00000001800e1e1e f   kernel32:KERNEL32.dll
 0001:000e0e24       DecodePointer              00000001800e1e24 f   kernel32:KERNEL32.dll
 0001:000e0e2a       Sleep                      00000001800e1e2a f   kernel32:KERNEL32.dll
 0001:000e0e30       TerminateProcess           00000001800e1e30 f   kernel32:KERNEL32.dll
 0001:000e0e36       GetCurrentProcess          00000001800e1e36 f   kernel32:KERNEL32.dll
 0001:000e0e3c       UnhandledExceptionFilter   00000001800e1e3c f   kernel32:KERNEL32.dll
 0001:000e0e42       SetUnhandledExceptionFilter 00000001800e1e42 f   kernel32:KERNEL32.dll
 0001:000e0e48       IsDebuggerPresent          00000001800e1e48 f   kernel32:KERNEL32.dll
 0001:000e0e4e       RtlVirtualUnwind           00000001800e1e4e f   kernel32:KERNEL32.dll
 0001:000e0e54       RtlLookupFunctionEntry     00000001800e1e54 f   kernel32:KERNEL32.dll
 0001:000e0e5a       RtlCaptureContext          00000001800e1e5a f   kernel32:KERNEL32.dll
 0001:000e0e60       DisableThreadLibraryCalls  00000001800e1e60 f   kernel32:KERNEL32.dll
 0001:000e0e66       QueryPerformanceCounter    00000001800e1e66 f   kernel32:KERNEL32.dll
 0001:000e0e6c       GetTickCount               00000001800e1e6c f   kernel32:KERNEL32.dll
 0001:000e0e72       GetCurrentThreadId         00000001800e1e72 f   kernel32:KERNEL32.dll
 0001:000e0e78       GetCurrentProcessId        00000001800e1e78 f   kernel32:KERNEL32.dll
 0001:000e0e7e       GetSystemTimeAsFileTime    00000001800e1e7e f   kernel32:KERNEL32.dll
 0002:00000000       __imp_GetSystemTimeAsFileTime 00000001800e2000     kernel32:KERNEL32.dll
 0002:00000008       __imp_GetCurrentProcessId  00000001800e2008     kernel32:KERNEL32.dll
 0002:00000010       __imp_GetCurrentThreadId   00000001800e2010     kernel32:KERNEL32.dll
 0002:00000018       __imp_GetTickCount         00000001800e2018     kernel32:KERNEL32.dll
 0002:00000020       __imp_QueryPerformanceCounter 00000001800e2020     kernel32:KERNEL32.dll
 0002:00000028       __imp_DisableThreadLibraryCalls 00000001800e2028     kernel32:KERNEL32.dll
 0002:00000030       __imp_RtlCaptureContext    00000001800e2030     kernel32:KERNEL32.dll
 0002:00000038       __imp_RtlLookupFunctionEntry 00000001800e2038     kernel32:KERNEL32.dll
 0002:00000040       __imp_RtlVirtualUnwind     00000001800e2040     kernel32:KERNEL32.dll
 0002:00000048       __imp_IsDebuggerPresent    00000001800e2048     kernel32:KERNEL32.dll
 0002:00000050       __imp_SetUnhandledExceptionFilter 00000001800e2050     kernel32:KERNEL32.dll
 0002:00000058       __imp_UnhandledExceptionFilter 00000001800e2058     kernel32:KERNEL32.dll
 0002:00000060       __imp_GetCurrentProcess    00000001800e2060     kernel32:KERNEL32.dll
 0002:00000068       __imp_TerminateProcess     00000001800e2068     kernel32:KERNEL32.dll
 0002:00000070       __imp_Sleep                00000001800e2070     kernel32:KERNEL32.dll
 0002:00000078       __imp_DecodePointer        00000001800e2078     kernel32:KERNEL32.dll
 0002:00000080       __imp_EncodePointer        00000001800e2080     kernel32:KERNEL32.dll
 0002:00000088       \177KERNEL32_NULL_THUNK_DATA 00000001800e2088     kernel32:KERNEL32.dll
 0002:00000090       __imp__onexit              00000001800e2090     MSVCRT:MSVCR100.dll
 0002:00000098       __imp__lock                00000001800e2098     MSVCRT:MSVCR100.dll
 0002:000000a0       __imp___dllonexit          00000001800e20a0     MSVCRT:MSVCR100.dll
 0002:000000a8       __imp__unlock              00000001800e20a8     MSVCRT:MSVCR100.dll
 0002:000000b0       __imp___clean_type_info_names_internal 00000001800e20b0     MSVCRT:MSVCR100.dll
 0002:000000b8       __imp___crt_debugger_hook  00000001800e20b8     MSVCRT:MSVCR100.dll
 0002:000000c0       __imp___CppXcptFilter      00000001800e20c0     MSVCRT:MSVCR100.dll
 0002:000000c8       __imp___C_specific_handler 00000001800e20c8     MSVCRT:MSVCR100.dll
 0002:000000d0       __imp__amsg_exit           00000001800e20d0     MSVCRT:MSVCR100.dll
 0002:000000d8       __imp__encoded_null        00000001800e20d8     MSVCRT:MSVCR100.dll
 0002:000000e0       __imp__initterm_e          00000001800e20e0     MSVCRT:MSVCR100.dll
 0002:000000e8       __imp__initterm            00000001800e20e8     MSVCRT:MSVCR100.dll
 0002:000000f0       __imp__malloc_crt          00000001800e20f0     MSVCRT:MSVCR100.dll
 0002:000000f8       __imp_memcpy               00000001800e20f8     MSVCRT:MSVCR100.dll
 0002:00000100       __imp_strcat               00000001800e2100     MSVCRT:MSVCR100.dll
 0002:00000108       __imp_malloc               00000001800e2108     MSVCRT:MSVCR100.dll
 0002:00000110       __imp_sprintf              00000001800e2110     MSVCRT:MSVCR100.dll
 0002:00000118       __imp_free                 00000001800e2118     MSVCRT:MSVCR100.dll
 0002:00000120       __imp_memset               00000001800e2120     MSVCRT:MSVCR100.dll
 0002:00000128       __imp_strlen               00000001800e2128     MSVCRT:MSVCR100.dll
 0002:00000130       __imp_strcmp               00000001800e2130     MSVCRT:MSVCR100.dll
 0002:00000138       \177MSVCR100_NULL_THUNK_DATA 00000001800e2138     MSVCRT:MSVCR100.dll
 0002:00000140       __imp_mexUnlock            00000001800e2140     libmex:libmex.dll
 0002:00000148       __imp_mexIsLocked          00000001800e2148     libmex:libmex.dll
 0002:00000150       __imp_mexWarnMsgTxt        00000001800e2150     libmex:libmex.dll
 0002:00000158       __imp_mexCallMATLAB        00000001800e2158     libmex:libmex.dll
 0002:00000160       __imp_mexErrMsgTxt         00000001800e2160     libmex:libmex.dll
 0002:00000168       __imp_mexLock              00000001800e2168     libmex:libmex.dll
 0002:00000170       __imp_mexMakeArrayPersistent 00000001800e2170     libmex:libmex.dll
 0002:00000178       \177libmex_NULL_THUNK_DATA 00000001800e2178     libmex:libmex.dll
 0002:00000180       __imp_muDoubleScalarLog    00000001800e2180     libmwmathutil:libmwmathutil.dll
 0002:00000188       __imp_muDoubleScalarExp    00000001800e2188     libmwmathutil:libmwmathutil.dll
 0002:00000190       __imp_muDoubleScalarAbs    00000001800e2190     libmwmathutil:libmwmathutil.dll
 0002:00000198       __imp_muDoubleScalarRound  00000001800e2198     libmwmathutil:libmwmathutil.dll
 0002:000001a0       __imp_muDoubleScalarSin    00000001800e21a0     libmwmathutil:libmwmathutil.dll
 0002:000001a8       __imp_muDoubleScalarCos    00000001800e21a8     libmwmathutil:libmwmathutil.dll
 0002:000001b0       __imp_muDoubleScalarSqrt   00000001800e21b0     libmwmathutil:libmwmathutil.dll
 0002:000001b8       \177libmwmathutil_NULL_THUNK_DATA 00000001800e21b8     libmwmathutil:libmwmathutil.dll
 0002:000001c0       __imp_mxCalloc             00000001800e21c0     libmx:libmx.dll
 0002:000001c8       __imp_mxGetM               00000001800e21c8     libmx:libmx.dll
 0002:000001d0       __imp_mxGetN               00000001800e21d0     libmx:libmx.dll
 0002:000001d8       __imp_mxIsComplex          00000001800e21d8     libmx:libmx.dll
 0002:000001e0       __imp_mxIsNumeric          00000001800e21e0     libmx:libmx.dll
 0002:000001e8       __imp_mxGetClassID         00000001800e21e8     libmx:libmx.dll
 0002:000001f0       __imp_mxIsEmpty            00000001800e21f0     libmx:libmx.dll
 0002:000001f8       __imp_mxCreateCellMatrix_730 00000001800e21f8     libmx:libmx.dll
 0002:00000200       __imp_mxCreateStructMatrix_730 00000001800e2200     libmx:libmx.dll
 0002:00000208       __imp_mxGetScalar          00000001800e2208     libmx:libmx.dll
 0002:00000210       __imp_mxGetPr              00000001800e2210     libmx:libmx.dll
 0002:00000218       __imp_mxCreateDoubleMatrix_730 00000001800e2218     libmx:libmx.dll
 0002:00000220       __imp_mxGetString_730      00000001800e2220     libmx:libmx.dll
 0002:00000228       __imp_mxIsChar             00000001800e2228     libmx:libmx.dll
 0002:00000230       __imp_mxDestroyArray       00000001800e2230     libmx:libmx.dll
 0002:00000238       __imp_mxDuplicateArray     00000001800e2238     libmx:libmx.dll
 0002:00000240       __imp_mxCreateDoubleScalar 00000001800e2240     libmx:libmx.dll
 0002:00000248       __imp_mxSetField_730       00000001800e2248     libmx:libmx.dll
 0002:00000250       __imp_mxCreateString       00000001800e2250     libmx:libmx.dll
 0002:00000258       \177libmx_NULL_THUNK_DATA  00000001800e2258     libmx:libmx.dll
 0002:00000260       __imp_utMalloc             00000001800e2260     libut:libut.dll
 0002:00000268       __imp_utFree               00000001800e2268     libut:libut.dll
 0002:00000270       \177libut_NULL_THUNK_DATA  00000001800e2270     libut:libut.dll
 0002:00000278       __imp_call_sf_machine_global_method_dispatcher 00000001800e2278     sf_runtime:sf_runtime.dll
 0002:00000280       __imp_callMdlMethodAndReportError 00000001800e2280     sf_runtime:sf_runtime.dll
 0002:00000288       __imp_sf_debug_api         00000001800e2288     sf_runtime:sf_runtime.dll
 0002:00000290       __imp_sf_debug_create_debug_instance_struct 00000001800e2290     sf_runtime:sf_runtime.dll
 0002:00000298       __imp_sf_debug_terminate   00000001800e2298     sf_runtime:sf_runtime.dll
 0002:000002a0       __imp_sf_clear_rtw_identifier 00000001800e22a0     sf_runtime:sf_runtime.dll
 0002:000002a8       __imp_sf_mex_call_debug    00000001800e22a8     sf_runtime:sf_runtime.dll
 0002:000002b0       __imp_sf_clear_error_manager_info 00000001800e22b0     sf_runtime:sf_runtime.dll
 0002:000002b8       __imp_sf_debug_eml_data_array_bounds_error_check 00000001800e22b8     sf_runtime:sf_runtime.dll
 0002:000002c0       __imp_sf_debug_symbol_scope_push 00000001800e22c0     sf_runtime:sf_runtime.dll
 0002:000002c8       __imp_sf_debug_call        00000001800e22c8     sf_runtime:sf_runtime.dll
 0002:000002d0       __imp_sf_debug_data_range_wrapper 00000001800e22d0     sf_runtime:sf_runtime.dll
 0002:000002d8       __imp_sf_debug_symbol_scope_push_eml 00000001800e22d8     sf_runtime:sf_runtime.dll
 0002:000002e0       __imp_sf_debug_symbol_scope_add_eml_importable 00000001800e22e0     sf_runtime:sf_runtime.dll
 0002:000002e8       __imp_sf_debug_symbol_scope_add_eml 00000001800e22e8     sf_runtime:sf_runtime.dll
 0002:000002f0       __imp_sf_mex_error_direct_call 00000001800e22f0     sf_runtime:sf_runtime.dll
 0002:000002f8       __imp_sf_debug_integer_check 00000001800e22f8     sf_runtime:sf_runtime.dll
 0002:00000300       __imp_cv_eml_eval          00000001800e2300     sf_runtime:sf_runtime.dll
 0002:00000308       __imp_eml_debug_line_call  00000001800e2308     sf_runtime:sf_runtime.dll
 0002:00000310       __imp_sf_debug_symbol_scope_pop 00000001800e2310     sf_runtime:sf_runtime.dll
 0002:00000318       __imp_sf_debug_check_for_state_inconsistency 00000001800e2318     sf_runtime:sf_runtime.dll
 0002:00000320       __imp_sf_get_time          00000001800e2320     sf_runtime:sf_runtime.dll
 0002:00000328       __imp_sf_debug_initialize_chart 00000001800e2328     sf_runtime:sf_runtime.dll
 0002:00000330       __imp_sf_debug_set_chart_disable_implicit_casting 00000001800e2330     sf_runtime:sf_runtime.dll
 0002:00000338       __imp_sf_debug_set_chart_event_thresholds 00000001800e2338     sf_runtime:sf_runtime.dll
 0002:00000340       __imp_sf_debug_set_chart_data_props 00000001800e2340     sf_runtime:sf_runtime.dll
 0002:00000348       __imp_sf_debug_set_chart_state_info 00000001800e2348     sf_runtime:sf_runtime.dll
 0002:00000350       __imp_sf_debug_set_chart_substate_count 00000001800e2350     sf_runtime:sf_runtime.dll
 0002:00000358       __imp_sf_debug_set_chart_decomposition 00000001800e2358     sf_runtime:sf_runtime.dll
 0002:00000360       __imp_sf_debug_cv_init_chart 00000001800e2360     sf_runtime:sf_runtime.dll
 0002:00000368       __imp_sf_debug_cv_init_state 00000001800e2368     sf_runtime:sf_runtime.dll
 0002:00000370       __imp_sf_debug_cv_init_trans 00000001800e2370     sf_runtime:sf_runtime.dll
 0002:00000378       __imp_cv_eml_init_script   00000001800e2378     sf_runtime:sf_runtime.dll
 0002:00000380       __imp_cv_eml_init_fcn      00000001800e2380     sf_runtime:sf_runtime.dll
 0002:00000388       __imp_cv_eml_init_if       00000001800e2388     sf_runtime:sf_runtime.dll
 0002:00000390       __imp_sf_debug_set_chart_data_compiled_props 00000001800e2390     sf_runtime:sf_runtime.dll
 0002:00000398       __imp_sf_debug_set_instance_data_value_ptr 00000001800e2398     sf_runtime:sf_runtime.dll
 0002:000003a0       __imp_sf_debug_reset_current_state_configuration 00000001800e23a0     sf_runtime:sf_runtime.dll
 0002:000003a8       __imp_sim_mode_is_rtw_gen  00000001800e23a8     sf_runtime:sf_runtime.dll
 0002:000003b0       __imp_sim_mode_is_external 00000001800e23b0     sf_runtime:sf_runtime.dll
 0002:000003b8       __imp_sf_is_chart_inlinable 00000001800e23b8     sf_runtime:sf_runtime.dll
 0002:000003c0       __imp_sf_rtw_info_uint_prop 00000001800e23c0     sf_runtime:sf_runtime.dll
 0002:000003c8       __imp_sf_update_buildInfo  00000001800e23c8     sf_runtime:sf_runtime.dll
 0002:000003d0       __imp_sf_mark_chart_expressionable_inputs 00000001800e23d0     sf_runtime:sf_runtime.dll
 0002:000003d8       __imp_sf_mark_chart_reusable_outputs 00000001800e23d8     sf_runtime:sf_runtime.dll
 0002:000003e0       __imp_sf_set_rtw_dwork_info 00000001800e23e0     sf_runtime:sf_runtime.dll
 0002:000003e8       __imp_sf_mex_import        00000001800e23e8     sf_runtime:sf_runtime.dll
 0002:000003f0       __imp_sf_mex_dup           00000001800e23f0     sf_runtime:sf_runtime.dll
 0002:000003f8       __imp_sf_mex_getcell       00000001800e23f8     sf_runtime:sf_runtime.dll
 0002:00000400       __imp_sf_mex_decode_encoded_mx_struct_array 00000001800e2400     sf_runtime:sf_runtime.dll
 0002:00000408       __imp_sf_mex_setcell       00000001800e2408     sf_runtime:sf_runtime.dll
 0002:00000410       __imp_sf_mex_call_matlab   00000001800e2410     sf_runtime:sf_runtime.dll
 0002:00000418       __imp_sf_mex_error_message 00000001800e2418     sf_runtime:sf_runtime.dll
 0002:00000420       __imp_sf_mex_create        00000001800e2420     sf_runtime:sf_runtime.dll
 0002:00000428       __imp_sf_mex_addfield      00000001800e2428     sf_runtime:sf_runtime.dll
 0002:00000430       __imp_sf_mex_createcellmatrix 00000001800e2430     sf_runtime:sf_runtime.dll
 0002:00000438       __imp_sf_mex_duplicatearraysafe 00000001800e2438     sf_runtime:sf_runtime.dll
 0002:00000440       __imp_sf_mex_destroy       00000001800e2440     sf_runtime:sf_runtime.dll
 0002:00000448       __imp_sf_mex_createstruct  00000001800e2448     sf_runtime:sf_runtime.dll
 0002:00000450       __imp_sf_mex_assign        00000001800e2450     sf_runtime:sf_runtime.dll
 0002:00000458       __imp_sf_mex_emlrtNameCapturePostProcessR2012a 00000001800e2458     sf_runtime:sf_runtime.dll
 0002:00000460       __imp_sf_load_rtw_optimization_info 00000001800e2460     sf_runtime:sf_runtime.dll
 0002:00000468       __imp_sf_debug_initialize_machine 00000001800e2468     sf_runtime:sf_runtime.dll
 0002:00000470       __imp_sf_debug_set_machine_event_thresholds 00000001800e2470     sf_runtime:sf_runtime.dll
 0002:00000478       __imp_sf_debug_set_machine_data_thresholds 00000001800e2478     sf_runtime:sf_runtime.dll
 0002:00000480       \177sf_runtime_NULL_THUNK_DATA 00000001800e2480     sf_runtime:sf_runtime.dll
 0002:00000488       __xc_a                     00000001800e2488     MSVCRT:cinitexe.obj
 0002:00000490       __xc_z                     00000001800e2490     MSVCRT:cinitexe.obj
 0002:00000498       __xi_a                     00000001800e2498     MSVCRT:cinitexe.obj
 0002:000004a8       __xi_z                     00000001800e24a8     MSVCRT:cinitexe.obj
 0002:000004b0       __real@41ec7be3fa600000    00000001800e24b0     DFA_PID_Controller_ESC_sfun.obj
 0002:000004b8       __real@41ef86eaa6000000    00000001800e24b8     DFA_PID_Controller_ESC_sfun.obj
 0002:000004c0       __real@41e642edbec00000    00000001800e24c0     DFA_PID_Controller_ESC_sfun.obj
 0002:000004c8       __real@41d675dbe6c00000    00000001800e24c8     DFA_PID_Controller_ESC_sfun.obj
 0002:000004d0       __real@41c900e78a000000    00000001800e24d0     DFA_PID_Controller_ESC_sfun.obj
 0002:000004d8       __real@41eda5398c800000    00000001800e24d8     DFA_PID_Controller_ESC_sfun.obj
 0002:000004e0       __real@41edcf5b43c00000    00000001800e24e0     DFA_PID_Controller_ESC_sfun.obj
 0002:000004e8       __real@41e695dff8600000    00000001800e24e8     DFA_PID_Controller_ESC_sfun.obj
 0002:000004f0       __real@41efe15b3c800000    00000001800e24f0     DFA_PID_Controller_ESC_sfun.obj
 0002:000004f8       __real@41ebf56f13000000    00000001800e24f8     DFA_PID_Controller_ESC_sfun.obj
 0002:00000500       __real@41a7f3cf16000000    00000001800e2500     DFA_PID_Controller_ESC_sfun.obj
 0002:00000508       __real@417eb6a0d0000000    00000001800e2508     DFA_PID_Controller_ESC_sfun.obj
 0002:00000510       __real@41c98d7b67000000    00000001800e2510     DFA_PID_Controller_ESC_sfun.obj
 0002:00000518       __real@41ed8cb000c00000    00000001800e2518     DFA_PID_Controller_ESC_sfun.obj
 0002:00000520       __real@41df4078d2400000    00000001800e2520     DFA_PID_Controller_ESC_sfun.obj
 0002:00000528       __real@417f8c3fd0000000    00000001800e2528     DFA_PID_Controller_ESC_sfun.obj
 0002:00000530       __real@41ed1cb565400000    00000001800e2530     c1_DFA_PID_Controller_ESC.obj
 0002:00000538       __real@41e05a97dee00000    00000001800e2538     c1_DFA_PID_Controller_ESC.obj
 0002:00000540       __real@41ef2247b9c00000    00000001800e2540     c1_DFA_PID_Controller_ESC.obj
 0002:00000548       __real@41aba94b86000000    00000001800e2548     c1_DFA_PID_Controller_ESC.obj
 0002:00000550       __real@4024000000000000    00000001800e2550     c1_DFA_PID_Controller_ESC.obj
 0002:00000558       __real@3ff0000000000000    00000001800e2558     c1_DFA_PID_Controller_ESC.obj
 0002:00000560       __real@4010000000000000    00000001800e2560     c1_DFA_PID_Controller_ESC.obj
 0002:00000568       __real@c000000000000000    00000001800e2568     c1_DFA_PID_Controller_ESC.obj
 0002:00000570       __real@4000000000000000    00000001800e2570     c1_DFA_PID_Controller_ESC.obj
 0002:00000578       __real@0000000000000000    00000001800e2578     c1_DFA_PID_Controller_ESC.obj
 0002:00000580       __real@3e00000000200000    00000001800e2580     c1_DFA_PID_Controller_ESC.obj
 0002:00000588       __real@40b5710000000000    00000001800e2588     c1_DFA_PID_Controller_ESC.obj
 0002:00000590       __real@40063748a159817c    00000001800e2590     c1_DFA_PID_Controller_ESC.obj
 0002:00000598       __real@3f940d92e5a05850    00000001800e2598     c1_DFA_PID_Controller_ESC.obj
 0002:000005a0       __mask@@NegDouble@         00000001800e25a0     c1_DFA_PID_Controller_ESC.obj
 0002:000005b0       __real@40295aa79bbadc0a    00000001800e25b0     c1_DFA_PID_Controller_ESC.obj
 0002:000005b8       __real@4028c070b8cfbfc6    00000001800e25b8     c1_DFA_PID_Controller_ESC.obj
 0002:000005c0       __real@bfe0000000000000    00000001800e25c0     c1_DFA_PID_Controller_ESC.obj
 0002:000005c8       __real@3fef01751555d29a    00000001800e25c8     c1_DFA_PID_Controller_ESC.obj
 0002:000005d0       __real@3fdf39bd90efa6ec    00000001800e25d0     c1_DFA_PID_Controller_ESC.obj
 0002:000005d8       __real@3ff4d1b4fe79ee03    00000001800e25d8     c1_DFA_PID_Controller_ESC.obj
 0002:000005e0       __real@3fe0000000000000    00000001800e25e0     c1_DFA_PID_Controller_ESC.obj
 0002:000005e8       __real@3defffffffffffff    00000001800e25e8     c1_DFA_PID_Controller_ESC.obj
 0002:000005f0       __real@3e00000000000000    00000001800e25f0     c1_DFA_PID_Controller_ESC.obj
 0002:000005f8       __real@41f0000000000000    00000001800e25f8     c1_DFA_PID_Controller_ESC.obj
 0002:00000600       __real@400d3bb48209ad36    00000001800e2600     c1_DFA_PID_Controller_ESC.obj
 0002:00000608       __real@3fd183aa6c20e8bc    00000001800e2608     c1_DFA_PID_Controller_ESC.obj
 0002:00000610       __real@4070000000000000    00000001800e2610     c1_DFA_PID_Controller_ESC.obj
 0002:00000618       __real@3cb0000000000000    00000001800e2618     c1_DFA_PID_Controller_ESC.obj
 0002:00000620       __real@4170000000000000    00000001800e2620     c1_DFA_PID_Controller_ESC.obj
 0002:00000628       __real@406c800000000000    00000001800e2628     c1_DFA_PID_Controller_ESC.obj
 0002:00000630       __real@4078d00000000000    00000001800e2630     c1_DFA_PID_Controller_ESC.obj
 0002:00000638       __real@4083880000000000    00000001800e2638     c1_DFA_PID_Controller_ESC.obj
 0002:00000640       __real@3ca0000000000000    00000001800e2640     c1_DFA_PID_Controller_ESC.obj
 0002:00000648       __real@4190000000000000    00000001800e2648     c1_DFA_PID_Controller_ESC.obj
 0002:00000650       __real@41e211e4fcc00000    00000001800e2650     c2_DFA_PID_Controller_ESC.obj
 0002:00000658       __real@41d49a20f2800000    00000001800e2658     c2_DFA_PID_Controller_ESC.obj
 0002:00000660       __real@41ea480a19200000    00000001800e2660     c2_DFA_PID_Controller_ESC.obj
 0002:00000668       __real@41b6199da5000000    00000001800e2668     c2_DFA_PID_Controller_ESC.obj
 0002:00000670       __real@41e13c808be00000    00000001800e2670     c3_DFA_PID_Controller_ESC.obj
 0002:00000678       __real@41eda1198a000000    00000001800e2678     c3_DFA_PID_Controller_ESC.obj
 0002:00000680       __real@41baf297d5000000    00000001800e2680     c3_DFA_PID_Controller_ESC.obj
 0002:00000688       __real@41dcc2b3b3c00000    00000001800e2688     c3_DFA_PID_Controller_ESC.obj
 0002:00000690       __real@41e74ad8b5400000    00000001800e2690     c4_DFA_PID_Controller_ESC.obj
 0002:00000698       __real@41cd96474a000000    00000001800e2698     c4_DFA_PID_Controller_ESC.obj
 0002:000006a0       __real@41bc5ee50d000000    00000001800e26a0     c4_DFA_PID_Controller_ESC.obj
 0002:000006a8       __real@41a96e3ec2000000    00000001800e26a8     c4_DFA_PID_Controller_ESC.obj
 0002:000006b0       __real@4008000000000000    00000001800e26b0     c4_DFA_PID_Controller_ESC.obj
 0002:000006b8       __real@41ef89db49800000    00000001800e26b8     c5_DFA_PID_Controller_ESC.obj
 0002:000006c0       __real@41c8d0677e800000    00000001800e26c0     c5_DFA_PID_Controller_ESC.obj
 0002:000006c8       __real@41cbe15213000000    00000001800e26c8     c5_DFA_PID_Controller_ESC.obj
 0002:000006d0       __real@41e701b44c400000    00000001800e26d0     c5_DFA_PID_Controller_ESC.obj
 0002:000006d8       __real@41e083c624c00000    00000001800e26d8     c6_DFA_PID_Controller_ESC.obj
 0002:000006e0       __real@41ddca869ec00000    00000001800e26e0     c6_DFA_PID_Controller_ESC.obj
 0002:000006e8       __real@41e1dcfc67e00000    00000001800e26e8     c6_DFA_PID_Controller_ESC.obj
 0002:000006f0       __real@41e02484fec00000    00000001800e26f0     c6_DFA_PID_Controller_ESC.obj
 0002:000006f8       __real@41eac2d9ac400000    00000001800e26f8     c7_DFA_PID_Controller_ESC.obj
 0002:00000700       __real@41eaaa83ef800000    00000001800e2700     c7_DFA_PID_Controller_ESC.obj
 0002:00000708       __real@41c848032e000000    00000001800e2708     c7_DFA_PID_Controller_ESC.obj
 0002:00000710       __real@41e41ffa82a00000    00000001800e2710     c7_DFA_PID_Controller_ESC.obj
 0002:00000718       __real@41b24b17b6000000    00000001800e2718     c8_DFA_PID_Controller_ESC.obj
 0002:00000720       __real@41d0f30c43400000    00000001800e2720     c8_DFA_PID_Controller_ESC.obj
 0002:00000728       __real@41bd9ebb0f000000    00000001800e2728     c8_DFA_PID_Controller_ESC.obj
 0002:00000730       __real@41ca779384000000    00000001800e2730     c8_DFA_PID_Controller_ESC.obj
 0002:00000738       __real@41ef40ab32000000    00000001800e2738     c9_DFA_PID_Controller_ESC.obj
 0002:00000740       __real@41d7bfcbe3000000    00000001800e2740     c9_DFA_PID_Controller_ESC.obj
 0002:00000748       __real@41d8e37997800000    00000001800e2748     c9_DFA_PID_Controller_ESC.obj
 0002:00000750       __real@41e67b5b1da00000    00000001800e2750     c9_DFA_PID_Controller_ESC.obj
 0002:00000758       __real@41ab6ac33a000000    00000001800e2758     c10_DFA_PID_Controller_ESC.obj
 0002:00000760       __real@41dda56e94000000    00000001800e2760     c10_DFA_PID_Controller_ESC.obj
 0002:00000768       __real@41c26ddf8a800000    00000001800e2768     c10_DFA_PID_Controller_ESC.obj
 0002:00000770       __real@41cf30be86000000    00000001800e2770     c10_DFA_PID_Controller_ESC.obj
 0002:00000778       __real@41eb40ccc9600000    00000001800e2778     c11_DFA_PID_Controller_ESC.obj
 0002:00000780       __real@41dde62a48400000    00000001800e2780     c11_DFA_PID_Controller_ESC.obj
 0002:00000788       __real@41a585b88e000000    00000001800e2788     c11_DFA_PID_Controller_ESC.obj
 0002:00000790       __real@41eb5542ab200000    00000001800e2790     c11_DFA_PID_Controller_ESC.obj
 0002:00000798       __real@41cfb0d78a000000    00000001800e2798     c12_DFA_PID_Controller_ESC.obj
 0002:000007a0       __real@41e4fc680b000000    00000001800e27a0     c12_DFA_PID_Controller_ESC.obj
 0002:000007a8       __real@417f53c320000000    00000001800e27a8     c12_DFA_PID_Controller_ESC.obj
 0002:000007b0       __real@41e4da73aa200000    00000001800e27b0     c12_DFA_PID_Controller_ESC.obj
 0002:000007b8       __real@41d62a3741c00000    00000001800e27b8     c13_DFA_PID_Controller_ESC.obj
 0002:000007c0       __real@41d5e74b97000000    00000001800e27c0     c13_DFA_PID_Controller_ESC.obj
 0002:000007c8       __real@41de8b2624c00000    00000001800e27c8     c13_DFA_PID_Controller_ESC.obj
 0002:000007d0       __real@41d841f651400000    00000001800e27d0     c13_DFA_PID_Controller_ESC.obj
 0002:000007d8       __real@41e46cc7f6e00000    00000001800e27d8     c14_DFA_PID_Controller_ESC.obj
 0002:000007e0       __real@41ea013163c00000    00000001800e27e0     c14_DFA_PID_Controller_ESC.obj
 0002:000007e8       __real@41e92162f4800000    00000001800e27e8     c14_DFA_PID_Controller_ESC.obj
 0002:000007f0       __real@41e0b73d3ca00000    00000001800e27f0     c14_DFA_PID_Controller_ESC.obj
 0002:000007f8       __real@41e09e30f1a00000    00000001800e27f8     c15_DFA_PID_Controller_ESC.obj
 0002:00000800       __real@41e85390db600000    00000001800e2800     c15_DFA_PID_Controller_ESC.obj
 0002:00000808       __real@41ecbd7cf2600000    00000001800e2808     c15_DFA_PID_Controller_ESC.obj
 0002:00000810       __real@41eb6f06f0200000    00000001800e2810     c15_DFA_PID_Controller_ESC.obj
 0002:00000818       __real@41e2b77ada000000    00000001800e2818     c16_DFA_PID_Controller_ESC.obj
 0002:00000820       __real@41e331fef1600000    00000001800e2820     c16_DFA_PID_Controller_ESC.obj
 0002:00000828       __real@41d45447dd000000    00000001800e2828     c16_DFA_PID_Controller_ESC.obj
 0002:00000830       __real@41dd46f277800000    00000001800e2830     c16_DFA_PID_Controller_ESC.obj
 0002:00000838       __real@40073f5d78811b1e    00000001800e2838     c16_DFA_PID_Controller_ESC.obj
 0002:00000840       __real@3fa2fd75e2046c76    00000001800e2840     c16_DFA_PID_Controller_ESC.obj
 0002:00000848       __real@bf08509d961747df    00000001800e2848     c16_DFA_PID_Controller_ESC.obj
 0002:00000850       __real@400005f7c6759ab7    00000001800e2850     c16_DFA_PID_Controller_ESC.obj
 0002:00000858       __real@3f97bc2f9ba40ae2    00000001800e2858     c16_DFA_PID_Controller_ESC.obj
 0002:00000860       __real@406fe00000000000    00000001800e2860     c16_DFA_PID_Controller_ESC.obj
 0002:00000868       __real@4064800000000000    00000001800e2868     c16_DFA_PID_Controller_ESC.obj
 0002:00000870       __real@41ed02ba99c00000    00000001800e2870     c17_DFA_PID_Controller_ESC.obj
 0002:00000878       __real@4166be3ec0000000    00000001800e2878     c17_DFA_PID_Controller_ESC.obj
 0002:00000880       __real@418c67f740000000    00000001800e2880     c17_DFA_PID_Controller_ESC.obj
 0002:00000888       __real@418d16e8e8000000    00000001800e2888     c17_DFA_PID_Controller_ESC.obj
 0002:00000890       __real@41db1380e8c00000    00000001800e2890     c18_DFA_PID_Controller_ESC.obj
 0002:00000898       __real@41e2a6aadc800000    00000001800e2898     c18_DFA_PID_Controller_ESC.obj
 0002:000008a0       __real@41dc67dfdd800000    00000001800e28a0     c18_DFA_PID_Controller_ESC.obj
 0002:000008a8       __real@41dd31ed69c00000    00000001800e28a8     c18_DFA_PID_Controller_ESC.obj
 0002:000008b0       __real@41c9997233000000    00000001800e28b0     c19_DFA_PID_Controller_ESC.obj
 0002:000008b8       __real@41ce3f4864800000    00000001800e28b8     c19_DFA_PID_Controller_ESC.obj
 0002:000008c0       __real@41ebdc1d3a800000    00000001800e28c0     c19_DFA_PID_Controller_ESC.obj
 0002:000008c8       __real@41e8232ca2800000    00000001800e28c8     c19_DFA_PID_Controller_ESC.obj
 0002:000008d0       __real@41cd694ed6800000    00000001800e28d0     c20_DFA_PID_Controller_ESC.obj
 0002:000008d8       __real@41c03d3a0f800000    00000001800e28d8     c20_DFA_PID_Controller_ESC.obj
 0002:000008e0       __real@41cee1e18f800000    00000001800e28e0     c20_DFA_PID_Controller_ESC.obj
 0002:000008e8       __real@41e07d57b3400000    00000001800e28e8     c20_DFA_PID_Controller_ESC.obj
 0002:000008f0       __real@41da482069400000    00000001800e28f0     c21_DFA_PID_Controller_ESC.obj
 0002:000008f8       __real@41ef107f82000000    00000001800e28f8     c21_DFA_PID_Controller_ESC.obj
 0002:00000900       __real@41c90120f1000000    00000001800e2900     c21_DFA_PID_Controller_ESC.obj
 0002:00000908       __real@41e91b5342600000    00000001800e2908     c21_DFA_PID_Controller_ESC.obj
 0002:00000910       __real@3fcae147ae147ae1    00000001800e2910     c21_DFA_PID_Controller_ESC.obj
 0002:00000918       __real@3f847ae147ae147b    00000001800e2918     c21_DFA_PID_Controller_ESC.obj
 0002:00000920       __real@41e02f85ac600000    00000001800e2920     c23_DFA_PID_Controller_ESC.obj
 0002:00000928       __real@41ee677966000000    00000001800e2928     c23_DFA_PID_Controller_ESC.obj
 0002:00000930       __real@41ea5dccd1600000    00000001800e2930     c23_DFA_PID_Controller_ESC.obj
 0002:00000938       __real@41c3643454000000    00000001800e2938     c23_DFA_PID_Controller_ESC.obj
 0002:00000940       __real@bff0000000000000    00000001800e2940     c23_DFA_PID_Controller_ESC.obj
 0002:00000950       DYNAMIC_DIMENSION_DEF      00000001800e2950     DFA_PID_Controller_ESC_sfun_registry.obj
 0002:00000970       _ssBadLevel2InputAccessMsg 00000001800e2970     DFA_PID_Controller_ESC_sfun_registry.obj
 0002:00000b00       _ssBadLevel2DirectFeedMsg  00000001800e2b00     DFA_PID_Controller_ESC_sfun_registry.obj
 0002:00000c40       _ssBadLevel2DirectFeedSolutionMsg 00000001800e2c40     DFA_PID_Controller_ESC_sfun_registry.obj
 0002:00000cb0       _ssBadLevel2ZeroDirectFeedMsg 00000001800e2cb0     DFA_PID_Controller_ESC_sfun_registry.obj
 0002:00000df0       _ssBadLevel2ZeroDirectFeedMsg2 00000001800e2df0     DFA_PID_Controller_ESC_sfun_registry.obj
 0002:00000ed8       __real@41602cbca0000000    00000001800e2ed8     DFA_PID_Controller_ESC_sfun_registry.obj
 0002:00000ee0       _pDefaultRawDllMain        00000001800e2ee0     MSVCRT:crtdll.obj
 0002:00000ee0       _pRawDllMain               00000001800e2ee0     MSVCRT:crtdll.obj
 0002:00000ef8       ?ProcessDetach@NativeDll@<CrtImplementationDetails>@@0IB 00000001800e2ef8     MSVCRT:tncleanup.obj
 0002:00000efc       ?ProcessAttach@NativeDll@<CrtImplementationDetails>@@0IB 00000001800e2efc     MSVCRT:tncleanup.obj
 0002:00000f00       ?ThreadAttach@NativeDll@<CrtImplementationDetails>@@0IB 00000001800e2f00     MSVCRT:tncleanup.obj
 0002:00000f04       ?ThreadDetach@NativeDll@<CrtImplementationDetails>@@0IB 00000001800e2f04     MSVCRT:tncleanup.obj
 0002:00000f08       ?ProcessVerifier@NativeDll@<CrtImplementationDetails>@@0IB 00000001800e2f08     MSVCRT:tncleanup.obj
 0002:00000f10       __rtc_iaa                  00000001800e2f10     MSVCRT:_initsect_.obj
 0002:00000f18       __rtc_izz                  00000001800e2f18     MSVCRT:_initsect_.obj
 0002:00000f20       __rtc_taa                  00000001800e2f20     MSVCRT:_initsect_.obj
 0002:00000f28       __rtc_tzz                  00000001800e2f28     MSVCRT:_initsect_.obj
 0002:00003880       __IMPORT_DESCRIPTOR_sf_runtime 00000001800e5880     sf_runtime:sf_runtime.dll
 0002:00003894       __IMPORT_DESCRIPTOR_libmx  00000001800e5894     libmx:libmx.dll
 0002:000038a8       __IMPORT_DESCRIPTOR_libmex 00000001800e58a8     libmex:libmex.dll
 0002:000038bc       __IMPORT_DESCRIPTOR_libut  00000001800e58bc     libut:libut.dll
 0002:000038d0       __IMPORT_DESCRIPTOR_libmwmathutil 00000001800e58d0     libmwmathutil:libmwmathutil.dll
 0002:000038e4       __IMPORT_DESCRIPTOR_MSVCR100 00000001800e58e4     MSVCRT:MSVCR100.dll
 0002:000038f8       __IMPORT_DESCRIPTOR_KERNEL32 00000001800e58f8     kernel32:KERNEL32.dll
 0002:0000390c       __NULL_IMPORT_DESCRIPTOR   00000001800e590c     sf_runtime:sf_runtime.dll
 0003:00057718       DYNAMIC_DIMENSION          000000018013e718     DFA_PID_Controller_ESC_sfun_registry.obj
 0003:00058318       __security_cookie          000000018013f318     MSVCRT:gs_cookie.obj
 0003:00058320       __security_cookie_complement 000000018013f320     MSVCRT:gs_cookie.obj
 0003:00058328       _fltused                   000000018013f328     MSVCRT:dllsupp.obj
 0003:00058330       __native_dllmain_reason    000000018013f330     MSVCRT:natstart.obj
 0003:00058334       __native_vcclrit_reason    000000018013f334     MSVCRT:natstart.obj
 0003:000587f8       sfGlobalDebugInstanceStruct 000000018013f7f8     DFA_PID_Controller_ESC_sfun_registry.obj
 0003:00058d80       ?__type_info_root_node@@3U__type_info_node@@A 000000018013fd80     MSVCRT:tncleanup.obj
 0003:00058d90       _DFA_PID_Controller_ESCMachineNumber_ 000000018013fd90     <common>
 0003:00058d94       __native_startup_state     000000018013fd94     <common>
 0003:00058d98       __native_startup_lock      000000018013fd98     <common>
 0003:00058da0       __onexitend                000000018013fda0     <common>
 0003:00058da8       __onexitbegin              000000018013fda8     <common>
 0003:00058db0       __dyn_tls_init_callback    000000018013fdb0     <common>

 entry point at        0001:000e0960

[...]
 0001:000c9620       mdlRTW_c18_DFA_PID_Controller_ESC 00000001800ca620 f   c18_DFA_PID_Controller_ESC.obj
 0001:000c96d0       c19_info_helper            00000001800ca6d0 f   c19_DFA_PID_Controller_ESC.obj
 0001:000cb650       c19_emlrt_marshallOut      00000001800cc650 f   c19_DFA_PID_Controller_ESC.obj
 0001:000cb6e0       c19_b_emlrt_marshallOut    00000001800cc6e0 f   c19_DFA_PID_Controller_ESC.obj
 0001:000cbea0       get_sim_state_c19_DFA_PID_Controller_ESC 00000001800ccea0 f   c19_DFA_PID_Controller_ESC.obj
 0001:000cc040       sf_get_sim_state_info_c19_DFA_PID_Controller_ESC 00000001800cd040 f   c19_DFA_PID_Controller_ESC.obj
 0001:000cc210       set_sim_state_c19_DFA_PID_Controller_ESC 00000001800cd210 f   c19_DFA_PID_Controller_ESC.obj
 0001:000cc2f0       c19_update_debugger_state_c19_DFA_PID_Controller_ESC 00000001800cd2f0 f   c19_DFA_PID_Controller_ESC.obj
 0001:000cc300       c19_emlrt_marshallIn       00000001800cd300 f   c19_DFA_PID_Controller_ESC.obj
 0001:000cc370       c19_b_emlrt_marshallIn     00000001800cd370 f   c19_DFA_PID_Controller_ESC.obj
 0001:000cc400       c19_d_emlrt_marshallIn     00000001800cd400 f   c19_DFA_PID_Controller_ESC.obj
 0001:000cc460       c19_e_emlrt_marshallIn     00000001800cd460 f   c19_DFA_PID_Controller_ESC.obj
 0001:000cc560       mdlProcessParameters_c19_DFA_PID_Controller_ESC 00000001800cd560 f   c19_DFA_PID_Controller_ESC.obj
 0001:000cc640       initialize_params_c19_DFA_PID_Controller_ESC 00000001800cd640 f   c19_DFA_PID_Controller_ESC.obj
 0001:000cc650       mdlSetWorkWidths_c19_DFA_PID_Controller_ESC 00000001800cd650 f   c19_DFA_PID_Controller_ESC.obj
 0001:000ccb50       sf_get_instance_specialization 00000001800cdb50 f   c19_DFA_PID_Controller_ESC.obj
 0001:000ccb60       mdlStart_c19_DFA_PID_Controller_ESC 00000001800cdb60 f   c19_DFA_PID_Controller_ESC.obj
 0001:000ccd90       init_dsm_address_info      00000001800cdd90 f   c19_DFA_PID_Controller_ESC.obj
 0001:000ccda0       chart_debug_initialization 00000001800cdda0 f   c19_DFA_PID_Controller_ESC.obj
 0001:000cd7e0       init_script_number_translation 00000001800ce7e0 f   c19_DFA_PID_Controller_ESC.obj
 0001:000cd800       c19_sf_marshallOut         00000001800ce800 f   c19_DFA_PID_Controller_ESC.obj
 0001:000cd8b0       c19_sf_marshallIn          00000001800ce8b0 f   c19_DFA_PID_Controller_ESC.obj
 0001:000cd950       sf_opaque_initialize_c19_DFA_PID_Controller_ESC 00000001800ce950 f   c19_DFA_PID_Controller_ESC.obj
 0001:000cd990       initialize_c19_DFA_PID_Controller_ESC 00000001800ce990 f   c19_DFA_PID_Controller_ESC.obj
 0001:000cd9e0       sf_opaque_enable_c19_DFA_PID_Controller_ESC 00000001800ce9e0 f   c19_DFA_PID_Controller_ESC.obj
 0001:000cda00       enable_c19_DFA_PID_Controller_ESC 00000001800cea00 f   c19_DFA_PID_Controller_ESC.obj
 0001:000cda30       sf_opaque_disable_c19_DFA_PID_Controller_ESC 00000001800cea30 f   c19_DFA_PID_Controller_ESC.obj
 0001:000cda50       disable_c19_DFA_PID_Controller_ESC 00000001800cea50 f   c19_DFA_PID_Controller_ESC.obj
 0001:000cda80       sf_opaque_gateway_c19_DFA_PID_Controller_ESC 00000001800cea80 f   c19_DFA_PID_Controller_ESC.obj
 0001:000cdaa0       sf_gateway_c19_DFA_PID_Controller_ESC 00000001800ceaa0 f   c19_DFA_PID_Controller_ESC.obj
 0001:000ce860       c19_eml_scalar_eg          00000001800cf860 f   c19_DFA_PID_Controller_ESC.obj
 0001:000ce870       sf_opaque_get_sim_state_c19_DFA_PID_Controller_ESC 00000001800cf870 f   c19_DFA_PID_Controller_ESC.obj
 0001:000ce890       sf_opaque_set_sim_state_c19_DFA_PID_Controller_ESC 00000001800cf890 f   c19_DFA_PID_Controller_ESC.obj
 0001:000ce8c0       sf_opaque_terminate_c19_DFA_PID_Controller_ESC 00000001800cf8c0 f   c19_DFA_PID_Controller_ESC.obj
 0001:000ce960       finalize_c19_DFA_PID_Controller_ESC 00000001800cf960 f   c19_DFA_PID_Controller_ESC.obj
 0001:000ce970       sf_opaque_init_subchart_simstructs 00000001800cf970 f   c19_DFA_PID_Controller_ESC.obj
 0001:000ce990       initSimStructsc19_DFA_PID_Controller_ESC 00000001800cf990 f   c19_DFA_PID_Controller_ESC.obj
 0001:000ce9a0       mdlRTW_c19_DFA_PID_Controller_ESC 00000001800cf9a0 f   c19_DFA_PID_Controller_ESC.obj
 0001:000cea50       c20_info_helper            00000001800cfa50 f   c20_DFA_PID_Controller_ESC.obj
 0001:000d09d0       c20_emlrt_marshallOut      00000001800d19d0 f   c20_DFA_PID_Controller_ESC.obj
 0001:000d0a60       c20_b_emlrt_marshallOut    00000001800d1a60 f   c20_DFA_PID_Controller_ESC.obj
 0001:000d1220       get_sim_state_c20_DFA_PID_Controller_ESC 00000001800d2220 f   c20_DFA_PID_Controller_ESC.obj
 0001:000d13c0       sf_get_sim_state_info_c20_DFA_PID_Controller_ESC 00000001800d23c0 f   c20_DFA_PID_Controller_ESC.obj
 0001:000d1590       set_sim_state_c20_DFA_PID_Controller_ESC 00000001800d2590 f   c20_DFA_PID_Controller_ESC.obj
 0001:000d1670       c20_update_debugger_state_c20_DFA_PID_Controller_ESC 00000001800d2670 f   c20_DFA_PID_Controller_ESC.obj
 0001:000d1680       c20_emlrt_marshallIn       00000001800d2680 f   c20_DFA_PID_Controller_ESC.obj
 0001:000d16f0       c20_b_emlrt_marshallIn     00000001800d26f0 f   c20_DFA_PID_Controller_ESC.obj
 0001:000d1780       c20_d_emlrt_marshallIn     00000001800d2780 f   c20_DFA_PID_Controller_ESC.obj
 0001:000d17e0       c20_e_emlrt_marshallIn     00000001800d27e0 f   c20_DFA_PID_Controller_ESC.obj
 0001:000d18e0       mdlProcessParameters_c20_DFA_PID_Controller_ESC 00000001800d28e0 f   c20_DFA_PID_Controller_ESC.obj
 0001:000d19c0       initialize_params_c20_DFA_PID_Controller_ESC 00000001800d29c0 f   c20_DFA_PID_Controller_ESC.obj
 0001:000d19d0       mdlSetWorkWidths_c20_DFA_PID_Controller_ESC 00000001800d29d0 f   c20_DFA_PID_Controller_ESC.obj
 0001:000d1ed0       sf_get_instance_specialization 00000001800d2ed0 f   c20_DFA_PID_Controller_ESC.obj
 0001:000d1ee0       mdlStart_c20_DFA_PID_Controller_ESC 00000001800d2ee0 f   c20_DFA_PID_Controller_ESC.obj
 0001:000d2110       init_dsm_address_info      00000001800d3110 f   c20_DFA_PID_Controller_ESC.obj
 0001:000d2120       chart_debug_initialization 00000001800d3120 f   c20_DFA_PID_Controller_ESC.obj
 0001:000d2b60       init_script_number_translation 00000001800d3b60 f   c20_DFA_PID_Controller_ESC.obj
 0001:000d2b80       c20_sf_marshallOut         00000001800d3b80 f   c20_DFA_PID_Controller_ESC.obj
 0001:000d2c30       c20_sf_marshallIn          00000001800d3c30 f   c20_DFA_PID_Controller_ESC.obj
 0001:000d2cd0       sf_opaque_initialize_c20_DFA_PID_Controller_ESC 00000001800d3cd0 f   c20_DFA_PID_Controller_ESC.obj
 0001:000d2d10       initialize_c20_DFA_PID_Controller_ESC 00000001800d3d10 f   c20_DFA_PID_Controller_ESC.obj
 0001:000d2d60       sf_opaque_enable_c20_DFA_PID_Controller_ESC 00000001800d3d60 f   c20_DFA_PID_Controller_ESC.obj
 0001:000d2d80       enable_c20_DFA_PID_Controller_ESC 00000001800d3d80 f   c20_DFA_PID_Controller_ESC.obj
 0001:000d2db0       sf_opaque_disable_c20_DFA_PID_Controller_ESC 00000001800d3db0 f   c20_DFA_PID_Controller_ESC.obj
 0001:000d2dd0       disable_c20_DFA_PID_Controller_ESC 00000001800d3dd0 f   c20_DFA_PID_Controller_ESC.obj
 0001:000d2e00       sf_opaque_gateway_c20_DFA_PID_Controller_ESC 00000001800d3e00 f   c20_DFA_PID_Controller_ESC.obj
 0001:000d2e20       sf_gateway_c20_DFA_PID_Controller_ESC 00000001800d3e20 f   c20_DFA_PID_Controller_ESC.obj
 0001:000d3be0       c20_eml_scalar_eg          00000001800d4be0 f   c20_DFA_PID_Controller_ESC.obj
 0001:000d3bf0       sf_opaque_get_sim_state_c20_DFA_PID_Controller_ESC 00000001800d4bf0 f   c20_DFA_PID_Controller_ESC.obj
 0001:000d3c10       sf_opaque_set_sim_state_c20_DFA_PID_Controller_ESC 00000001800d4c10 f   c20_DFA_PID_Controller_ESC.obj
 0001:000d3c40       sf_opaque_terminate_c20_DFA_PID_Controller_ESC 00000001800d4c40 f   c20_DFA_PID_Controller_ESC.obj
 0001:000d3ce0       finalize_c20_DFA_PID_Controller_ESC 00000001800d4ce0 f   c20_DFA_PID_Controller_ESC.obj
 0001:000d3cf0       sf_opaque_init_subchart_simstructs 00000001800d4cf0 f   c20_DFA_PID_Controller_ESC.obj
 0001:000d3d10       initSimStructsc20_DFA_PID_Controller_ESC 00000001800d4d10 f   c20_DFA_PID_Controller_ESC.obj
 0001:000d3d20       mdlRTW_c20_DFA_PID_Controller_ESC 00000001800d4d20 f   c20_DFA_PID_Controller_ESC.obj
 0001:000d43e0       get_sim_state_c21_DFA_PID_Controller_ESC 00000001800d53e0 f   c21_DFA_PID_Controller_ESC.obj
 0001:000d4580       sf_get_sim_state_info_c21_DFA_PID_Controller_ESC 00000001800d5580 f   c21_DFA_PID_Controller_ESC.obj
 0001:000d4750       set_sim_state_c21_DFA_PID_Controller_ESC 00000001800d5750 f   c21_DFA_PID_Controller_ESC.obj
 0001:000d4830       c21_update_debugger_state_c21_DFA_PID_Controller_ESC 00000001800d5830 f   c21_DFA_PID_Controller_ESC.obj
 0001:000d4840       c21_emlrt_marshallIn       00000001800d5840 f   c21_DFA_PID_Controller_ESC.obj
 0001:000d48b0       c21_b_emlrt_marshallIn     00000001800d58b0 f   c21_DFA_PID_Controller_ESC.obj
 0001:000d4940       c21_d_emlrt_marshallIn     00000001800d5940 f   c21_DFA_PID_Controller_ESC.obj
 0001:000d49a0       c21_e_emlrt_marshallIn     00000001800d59a0 f   c21_DFA_PID_Controller_ESC.obj
 0001:000d4aa0       mdlProcessParameters_c21_DFA_PID_Controller_ESC 00000001800d5aa0 f   c21_DFA_PID_Controller_ESC.obj
 0001:000d4b80       initialize_params_c21_DFA_PID_Controller_ESC 00000001800d5b80 f   c21_DFA_PID_Controller_ESC.obj
 0001:000d4b90       mdlSetWorkWidths_c21_DFA_PID_Controller_ESC 00000001800d5b90 f   c21_DFA_PID_Controller_ESC.obj
 0001:000d5060       sf_get_instance_specialization 00000001800d6060 f   c21_DFA_PID_Controller_ESC.obj
 0001:000d5070       mdlStart_c21_DFA_PID_Controller_ESC 00000001800d6070 f   c21_DFA_PID_Controller_ESC.obj
 0001:000d52a0       init_dsm_address_info      00000001800d62a0 f   c21_DFA_PID_Controller_ESC.obj
 0001:000d52b0       chart_debug_initialization 00000001800d62b0 f   c21_DFA_PID_Controller_ESC.obj
 0001:000d5a60       init_script_number_translation 00000001800d6a60 f   c21_DFA_PID_Controller_ESC.obj
 0001:000d5a80       c21_sf_marshallOut         00000001800d6a80 f   c21_DFA_PID_Controller_ESC.obj
 0001:000d5b30       c21_sf_marshallIn          00000001800d6b30 f   c21_DFA_PID_Controller_ESC.obj
 0001:000d5bd0       sf_opaque_initialize_c21_DFA_PID_Controller_ESC 00000001800d6bd0 f   c21_DFA_PID_Controller_ESC.obj
 0001:000d5c10       initialize_c21_DFA_PID_Controller_ESC 00000001800d6c10 f   c21_DFA_PID_Controller_ESC.obj
 0001:000d5c60       sf_opaque_enable_c21_DFA_PID_Controller_ESC 00000001800d6c60 f   c21_DFA_PID_Controller_ESC.obj
 0001:000d5c80       enable_c21_DFA_PID_Controller_ESC 00000001800d6c80 f   c21_DFA_PID_Controller_ESC.obj
 0001:000d5cb0       sf_opaque_disable_c21_DFA_PID_Controller_ESC 00000001800d6cb0 f   c21_DFA_PID_Controller_ESC.obj
 0001:000d5cd0       disable_c21_DFA_PID_Controller_ESC 00000001800d6cd0 f   c21_DFA_PID_Controller_ESC.obj
 0001:000d5d00       sf_opaque_gateway_c21_DFA_PID_Controller_ESC 00000001800d6d00 f   c21_DFA_PID_Controller_ESC.obj
 0001:000d5d20       sf_gateway_c21_DFA_PID_Controller_ESC 00000001800d6d20 f   c21_DFA_PID_Controller_ESC.obj
 0001:000d64b0       sf_opaque_get_sim_state_c21_DFA_PID_Controller_ESC 00000001800d74b0 f   c21_DFA_PID_Controller_ESC.obj
 0001:000d64d0       sf_opaque_set_sim_state_c21_DFA_PID_Controller_ESC 00000001800d74d0 f   c21_DFA_PID_Controller_ESC.obj
 0001:000d6500       sf_opaque_terminate_c21_DFA_PID_Controller_ESC 00000001800d7500 f   c21_DFA_PID_Controller_ESC.obj
 0001:000d65a0       finalize_c21_DFA_PID_Controller_ESC 00000001800d75a0 f   c21_DFA_PID_Controller_ESC.obj
 0001:000d65b0       sf_opaque_init_subchart_simstructs 00000001800d75b0 f   c21_DFA_PID_Controller_ESC.obj
 0001:000d65d0       initSimStructsc21_DFA_PID_Controller_ESC 00000001800d75d0 f   c21_DFA_PID_Controller_ESC.obj
 0001:000d65e0       mdlRTW_c21_DFA_PID_Controller_ESC 00000001800d75e0 f   c21_DFA_PID_Controller_ESC.obj
 0001:000d6f40       get_sim_state_c23_DFA_PID_Controller_ESC 00000001800d7f40 f   c23_DFA_PID_Controller_ESC.obj
 0001:000d71c0       sf_get_sim_state_info_c23_DFA_PID_Controller_ESC 00000001800d81c0 f   c23_DFA_PID_Controller_ESC.obj
 0001:000d7390       set_sim_state_c23_DFA_PID_Controller_ESC 00000001800d8390 f   c23_DFA_PID_Controller_ESC.obj
 0001:000d74b0       c23_update_debugger_state_c23_DFA_PID_Controller_ESC 00000001800d84b0 f   c23_DFA_PID_Controller_ESC.obj
 0001:000d74c0       c23_emlrt_marshallIn       00000001800d84c0 f   c23_DFA_PID_Controller_ESC.obj
 0001:000d7530       c23_b_emlrt_marshallIn     00000001800d8530 f   c23_DFA_PID_Controller_ESC.obj
 0001:000d75c0       c23_d_emlrt_marshallIn     00000001800d85c0 f   c23_DFA_PID_Controller_ESC.obj
 0001:000d7620       c23_e_emlrt_marshallIn     00000001800d8620 f   c23_DFA_PID_Controller_ESC.obj
 0001:000d7720       mdlProcessParameters_c23_DFA_PID_Controller_ESC 00000001800d8720 f   c23_DFA_PID_Controller_ESC.obj
 0001:000d7800       initialize_params_c23_DFA_PID_Controller_ESC 00000001800d8800 f   c23_DFA_PID_Controller_ESC.obj
 0001:000d7810       mdlSetWorkWidths_c23_DFA_PID_Controller_ESC 00000001800d8810 f   c23_DFA_PID_Controller_ESC.obj
 0001:000d7d10       sf_get_instance_specialization 00000001800d8d10 f   c23_DFA_PID_Controller_ESC.obj
 0001:000d7d20       mdlStart_c23_DFA_PID_Controller_ESC 00000001800d8d20 f   c23_DFA_PID_Controller_ESC.obj
 0001:000d7f50       init_dsm_address_info      00000001800d8f50 f   c23_DFA_PID_Controller_ESC.obj
 0001:000d7f60       chart_debug_initialization 00000001800d8f60 f   c23_DFA_PID_Controller_ESC.obj
 0001:000d8b00       init_script_number_translation 00000001800d9b00 f   c23_DFA_PID_Controller_ESC.obj
 0001:000d8b20       c23_sf_marshallOut         00000001800d9b20 f   c23_DFA_PID_Controller_ESC.obj
 0001:000d8bd0       c23_sf_marshallIn          00000001800d9bd0 f   c23_DFA_PID_Controller_ESC.obj
 0001:000d8c70       sf_opaque_initialize_c23_DFA_PID_Controller_ESC 00000001800d9c70 f   c23_DFA_PID_Controller_ESC.obj
 0001:000d8cb0       initialize_c23_DFA_PID_Controller_ESC 00000001800d9cb0 f   c23_DFA_PID_Controller_ESC.obj
 0001:000d8d00       sf_opaque_enable_c23_DFA_PID_Controller_ESC 00000001800d9d00 f   c23_DFA_PID_Controller_ESC.obj
 0001:000d8d20       enable_c23_DFA_PID_Controller_ESC 00000001800d9d20 f   c23_DFA_PID_Controller_ESC.obj
 0001:000d8d50       sf_opaque_disable_c23_DFA_PID_Controller_ESC 00000001800d9d50 f   c23_DFA_PID_Controller_ESC.obj
 0001:000d8d70       disable_c23_DFA_PID_Controller_ESC 00000001800d9d70 f   c23_DFA_PID_Controller_ESC.obj
 0001:000d8da0       sf_opaque_gateway_c23_DFA_PID_Controller_ESC 00000001800d9da0 f   c23_DFA_PID_Controller_ESC.obj
 0001:000d8dc0       sf_gateway_c23_DFA_PID_Controller_ESC 00000001800d9dc0 f   c23_DFA_PID_Controller_ESC.obj
 0001:000d9bc0       sf_opaque_get_sim_state_c23_DFA_PID_Controller_ESC 00000001800dabc0 f   c23_DFA_PID_Controller_ESC.obj
 0001:000d9be0       sf_opaque_set_sim_state_c23_DFA_PID_Controller_ESC 00000001800dabe0 f   c23_DFA_PID_Controller_ESC.obj
 0001:000d9c10       sf_opaque_terminate_c23_DFA_PID_Controller_ESC 00000001800dac10 f   c23_DFA_PID_Controller_ESC.obj
 0001:000d9cb0       finalize_c23_DFA_PID_Controller_ESC 00000001800dacb0 f   c23_DFA_PID_Controller_ESC.obj
 0001:000d9cc0       sf_opaque_init_subchart_simstructs 00000001800dacc0 f   c23_DFA_PID_Controller_ESC.obj
 0001:000d9ce0       initSimStructsc23_DFA_PID_Controller_ESC 00000001800dace0 f   c23_DFA_PID_Controller_ESC.obj
 0001:000d9cf0       mdlRTW_c23_DFA_PID_Controller_ESC 00000001800dacf0 f   c23_DFA_PID_Controller_ESC.obj
 0001:000da660       getChartInfoFromSimStruct  00000001800db660 f   DFA_PID_Controller_ESC_sfun_registry.obj
 0001:000dbd00       _ssFatalError              00000001800dcd00 f   DFA_PID_Controller_ESC_sfun_registry.obj
 0001:000dedb0       ProcessMexSfunctionCmdLineCall 00000001800dfdb0 f   DFA_PID_Controller_ESC_sfun_registry.obj
 0001:000deee0       sf_debug_api_wrapper       00000001800dfee0 f   DFA_PID_Controller_ESC_sfun_registry.obj
 0001:000def30       mdlStart                   00000001800dff30 f   DFA_PID_Controller_ESC_sfun_registry.obj
 0001:000def60       mdl_start_processing       00000001800dff60 f   DFA_PID_Controller_ESC_sfun_registry.obj
 0001:000deff0       mdlTerminate               00000001800dfff0 f   DFA_PID_Controller_ESC_sfun_registry.obj
 0001:000df020       mdl_terminate_processing   00000001800e0020 f   DFA_PID_Controller_ESC_sfun_registry.obj
 0001:000df0a0       mdlInitializeSampleTimes   00000001800e00a0 f   DFA_PID_Controller_ESC_sfun_registry.obj
 0001:000df0d0       mdlZeroCrossings           00000001800e00d0 f   DFA_PID_Controller_ESC_sfun_registry.obj
 0001:000df100       mdl_zeroCrossings_processing 00000001800e0100 f   DFA_PID_Controller_ESC_sfun_registry.obj
 0001:000df140       mdlDerivatives             00000001800e0140 f   DFA_PID_Controller_ESC_sfun_registry.obj
 0001:000df170       mdl_derivatives_processing 00000001800e0170 f   DFA_PID_Controller_ESC_sfun_registry.obj
 0001:000df1c0       mdlInitializeConditions    00000001800e01c0 f   DFA_PID_Controller_ESC_sfun_registry.obj
 0001:000df1f0       mdl_initialize_conditions_processing 00000001800e01f0 f   DFA_PID_Controller_ESC_sfun_registry.obj
 0001:000df240       mdlEnable                  00000001800e0240 f   DFA_PID_Controller_ESC_sfun_registry.obj
 0001:000df270       mdl_enable_processing      00000001800e0270 f   DFA_PID_Controller_ESC_sfun_registry.obj
 0001:000df2b0       mdlDisable                 00000001800e02b0 f   DFA_PID_Controller_ESC_sfun_registry.obj
 0001:000df2e0       mdl_disable_processing     00000001800e02e0 f   DFA_PID_Controller_ESC_sfun_registry.obj
 0001:000df320       mdlOutputs                 00000001800e0320 f   DFA_PID_Controller_ESC_sfun_registry.obj
 0001:000df350       mdl_outputs_processing     00000001800e0350 f   DFA_PID_Controller_ESC_sfun_registry.obj
 0001:000df430       mdl_outputs_continuous_legacy 00000001800e0430 f   DFA_PID_Controller_ESC_sfun_registry.obj
 0001:000df520       mdlGetTimeOfNextVarHit     00000001800e0520 f   DFA_PID_Controller_ESC_sfun_registry.obj
 0001:000df570       _ProcessMexSfunctionCmdLineCall 00000001800e0570 f   DFA_PID_Controller_ESC_sfun_registry.obj
 0001:000dfcc0       mdlSetWorkWidths           00000001800e0cc0 f   DFA_PID_Controller_ESC_sfun_registry.obj
 0001:000dfcf0       mdlProcessParameters       00000001800e0cf0 f   DFA_PID_Controller_ESC_sfun_registry.obj
 0001:000dfd20       mdlInitializeSizes         00000001800e0d20 f   DFA_PID_Controller_ESC_sfun_registry.obj
 0001:000dfd50       mdlExtModeExec             00000001800e0d50 f   DFA_PID_Controller_ESC_sfun_registry.obj
 0001:000dfd80       mdl_ext_mode_exec_processing 00000001800e0d80 f   DFA_PID_Controller_ESC_sfun_registry.obj
 0001:000dfdc0       mdlRTW                     00000001800e0dc0 f   DFA_PID_Controller_ESC_sfun_registry.obj
 0001:000dfe00       _CreateSimStruct           00000001800e0e00 f   DFA_PID_Controller_ESC_sfun_registry.obj
 0001:000dff90       _RegNumInputPortsCB        00000001800e0f90 f   DFA_PID_Controller_ESC_sfun_registry.obj
 0001:000e0010       _RegNumOutputPortsCB       00000001800e1010 f   DFA_PID_Controller_ESC_sfun_registry.obj
 0001:000e0568       pre_c_init                 00000001800e1568 f   MSVCRT:crtdll.obj
 0001:000e0824       __DllMainCRTStartup        00000001800e1824 f   MSVCRT:crtdll.obj
 0001:000e0e90       __DllMainCRTStartup$filt$0 00000001800e1e90 f   MSVCRT:crtdll.obj
 0001:000e0ec0       __DllMainCRTStartup$fin$1  00000001800e1ec0 f   MSVCRT:crtdll.obj
 0001:000e0eda       _onexit$fin$0              00000001800e1eda f   MSVCRT:atonexit.obj
 0001:000e0f00       _IsNonwritableInCurrentImage$filt$0 00000001800e1f00 f   MSVCRT:pesect.obj
